Archive member included to satisfy reference by file (symbol)

c:/program files (x86)/atmel/studio/7.0/toolchain/avr8/avr8-gnu-toolchain/bin/../lib/gcc/avr/4.9.2/avr51\libgcc.a(_exit.o)
                              C:/Program Files (x86)/Atmel/Studio/7.0/Packs/atmel/ATmega_DFP/1.1.130/gcc/dev/atmega128/avr51/crtatmega128.o (exit)
c:/program files (x86)/atmel/studio/7.0/toolchain/avr8/avr8-gnu-toolchain/bin/../lib/gcc/avr/4.9.2/avr51\libgcc.a(_copy_data.o)
                              gps.o (__do_copy_data)
c:/program files (x86)/atmel/studio/7.0/toolchain/avr8/avr8-gnu-toolchain/bin/../lib/gcc/avr/4.9.2/avr51\libgcc.a(_clear_bss.o)
                              gps.o (__do_clear_bss)

Allocating common symbols
Common symbol       size              file

gps                 0x2d              gps.o
Current_state       0x55              gps.o
GPS_done            0x1               gps.o
Mode                0x1               gps.o
Time                0x8               gps.o

Discarded input sections

 .data          0x00000000        0x0 C:/Program Files (x86)/Atmel/Studio/7.0/Packs/atmel/ATmega_DFP/1.1.130/gcc/dev/atmega128/avr51/crtatmega128.o
 .bss           0x00000000        0x0 C:/Program Files (x86)/Atmel/Studio/7.0/Packs/atmel/ATmega_DFP/1.1.130/gcc/dev/atmega128/avr51/crtatmega128.o
 .text          0x00000000        0x0 gps.o
 .data          0x00000000        0x0 gps.o
 .bss           0x00000000        0x0 gps.o
 .text.init_UART_GPS
                0x00000000       0x22 gps.o
 .text          0x00000000        0x0 hm.o
 .data          0x00000000        0x0 hm.o
 .bss           0x00000000        0x0 hm.o
 .text.get_HM_data
                0x00000000       0x2a hm.o
 .text.send_loads
                0x00000000        0xc hm.o
 .debug_info    0x00000000      0x40f hm.o
 .debug_abbrev  0x00000000      0x122 hm.o
 .debug_loc     0x00000000       0x98 hm.o
 .debug_aranges
                0x00000000       0x28 hm.o
 .debug_ranges  0x00000000       0x18 hm.o
 .debug_line    0x00000000       0xeb hm.o
 .debug_str     0x00000000      0x2da hm.o
 .comment       0x00000000       0x31 hm.o
 .debug_frame   0x00000000       0x48 hm.o
 .text          0x00000000        0x0 hMaster_Torqtest.o
 .data          0x00000000        0x0 hMaster_Torqtest.o
 .bss           0x00000000        0x0 hMaster_Torqtest.o
 .text          0x00000000        0x0 mag.o
 .data          0x00000000        0x0 mag.o
 .bss           0x00000000        0x0 mag.o
 .text.init_UART_MM
                0x00000000       0x38 mag.o
 .text.receive_MM
                0x00000000       0x10 mag.o
 .text.send_MM_cmd
                0x00000000       0x2c mag.o
 .rodata.str1.1
                0x00000000        0x6 mag.o
 .text.poll_MM  0x00000000       0x26 mag.o
 .bss.t         0x00000000        0x1 mag.o
 .debug_info    0x00000000      0x49a mag.o
 .debug_abbrev  0x00000000      0x157 mag.o
 .debug_loc     0x00000000       0xdb mag.o
 .debug_aranges
                0x00000000       0x38 mag.o
 .debug_ranges  0x00000000       0x28 mag.o
 .debug_line    0x00000000      0x18b mag.o
 .debug_str     0x00000000      0x2e7 mag.o
 .comment       0x00000000       0x31 mag.o
 .debug_frame   0x00000000       0x7c mag.o
 .text          0x00000000        0x0 peripherals.o
 .data          0x00000000        0x0 peripherals.o
 .bss           0x00000000        0x0 peripherals.o
 .text.power_up_peripheral
                0x00000000       0x1e peripherals.o
 .text.power_down_peripheral
                0x00000000       0x20 peripherals.o
 .text.read_GPS
                0x00000000        0x4 peripherals.o
 .text.read_SS  0x00000000        0xa peripherals.o
 .text.read_MM  0x00000000        0x6 peripherals.o
 .text.send_preflight
                0x00000000       0x1c peripherals.o
 .text.set_PWM  0x00000000       0x5c peripherals.o
 .text.reset_PWM
                0x00000000       0x2a peripherals.o
 .bss.PWM_init  0x00000000        0x1 peripherals.o
 .text          0x00000000        0x0 spi.o
 .data          0x00000000        0x0 spi.o
 .bss           0x00000000        0x0 spi.o
 .text.init_SPI_slave
                0x00000000        0xe spi.o
 .text.init_SPI
                0x00000000       0x18 spi.o
 .text.init_SPI_trans
                0x00000000       0x1e spi.o
 .text.SPI_send
                0x00000000       0x1c spi.o
 .text.SPI_transfer
                0x00000000        0xa spi.o
 .debug_info    0x00000000      0x14c spi.o
 .debug_abbrev  0x00000000       0xca spi.o
 .debug_loc     0x00000000       0x8a spi.o
 .debug_aranges
                0x00000000       0x40 spi.o
 .debug_ranges  0x00000000       0x30 spi.o
 .debug_line    0x00000000      0x14f spi.o
 .debug_str     0x00000000      0x1d1 spi.o
 .comment       0x00000000       0x31 spi.o
 .debug_frame   0x00000000       0x64 spi.o
 .text          0x00000000        0x0 sun.o
 .data          0x00000000        0x0 sun.o
 .bss           0x00000000        0x0 sun.o
 .text.configure_SS
                0x00000000        0x6 sun.o
 .text.poll_SS  0x00000000       0xba sun.o
 .debug_info    0x00000000      0x521 sun.o
 .debug_abbrev  0x00000000      0x180 sun.o
 .debug_loc     0x00000000       0x8d sun.o
 .debug_aranges
                0x00000000       0x28 sun.o
 .debug_ranges  0x00000000       0x18 sun.o
 .debug_line    0x00000000      0x1ce sun.o
 .debug_str     0x00000000      0x314 sun.o
 .comment       0x00000000       0x31 sun.o
 .debug_frame   0x00000000       0x50 sun.o
 .text          0x00000000        0x0 twi.o
 .data          0x00000000        0x0 twi.o
 .bss           0x00000000        0x0 twi.o
 .text.init_TWI
                0x00000000       0x10 twi.o
 .text.TWI_rec_byte
                0x00000000       0xd0 twi.o
 .text.TWI_send_byte
                0x00000000       0xc6 twi.o
 .debug_info    0x00000000      0x1bf twi.o
 .debug_abbrev  0x00000000      0x123 twi.o
 .debug_loc     0x00000000      0x100 twi.o
 .debug_aranges
                0x00000000       0x30 twi.o
 .debug_ranges  0x00000000       0x20 twi.o
 .debug_line    0x00000000      0x2cc twi.o
 .debug_str     0x00000000      0x1ea twi.o
 .comment       0x00000000       0x31 twi.o
 .debug_frame   0x00000000       0x44 twi.o
 .text          0x00000000        0x0 uart.o
 .data          0x00000000        0x0 uart.o
 .bss           0x00000000        0x0 uart.o
 .text.init_UART1
                0x00000000       0x38 uart.o
 .text.transmit_UART1
                0x00000000       0x10 uart.o
 .text.receive_UART1
                0x00000000       0x10 uart.o
 .text.transmit_string_UART1
                0x00000000       0x2c uart.o
 .text.transmit_string_UART0
                0x00000000       0x18 uart.o
 .text          0x00000000        0x0 c:/program files (x86)/atmel/studio/7.0/toolchain/avr8/avr8-gnu-toolchain/bin/../lib/gcc/avr/4.9.2/avr51\libgcc.a(_exit.o)
 .data          0x00000000        0x0 c:/program files (x86)/atmel/studio/7.0/toolchain/avr8/avr8-gnu-toolchain/bin/../lib/gcc/avr/4.9.2/avr51\libgcc.a(_exit.o)
 .bss           0x00000000        0x0 c:/program files (x86)/atmel/studio/7.0/toolchain/avr8/avr8-gnu-toolchain/bin/../lib/gcc/avr/4.9.2/avr51\libgcc.a(_exit.o)
 .text.libgcc.mul
                0x00000000        0x0 c:/program files (x86)/atmel/studio/7.0/toolchain/avr8/avr8-gnu-toolchain/bin/../lib/gcc/avr/4.9.2/avr51\libgcc.a(_exit.o)
 .text.libgcc.div
                0x00000000        0x0 c:/program files (x86)/atmel/studio/7.0/toolchain/avr8/avr8-gnu-toolchain/bin/../lib/gcc/avr/4.9.2/avr51\libgcc.a(_exit.o)
 .text.libgcc   0x00000000        0x0 c:/program files (x86)/atmel/studio/7.0/toolchain/avr8/avr8-gnu-toolchain/bin/../lib/gcc/avr/4.9.2/avr51\libgcc.a(_exit.o)
 .text.libgcc.prologue
                0x00000000        0x0 c:/program files (x86)/atmel/studio/7.0/toolchain/avr8/avr8-gnu-toolchain/bin/../lib/gcc/avr/4.9.2/avr51\libgcc.a(_exit.o)
 .text.libgcc.builtins
                0x00000000        0x0 c:/program files (x86)/atmel/studio/7.0/toolchain/avr8/avr8-gnu-toolchain/bin/../lib/gcc/avr/4.9.2/avr51\libgcc.a(_exit.o)
 .text.libgcc.fmul
                0x00000000        0x0 c:/program files (x86)/atmel/studio/7.0/toolchain/avr8/avr8-gnu-toolchain/bin/../lib/gcc/avr/4.9.2/avr51\libgcc.a(_exit.o)
 .text.libgcc.fixed
                0x00000000        0x0 c:/program files (x86)/atmel/studio/7.0/toolchain/avr8/avr8-gnu-toolchain/bin/../lib/gcc/avr/4.9.2/avr51\libgcc.a(_exit.o)
 .text          0x00000000        0x0 c:/program files (x86)/atmel/studio/7.0/toolchain/avr8/avr8-gnu-toolchain/bin/../lib/gcc/avr/4.9.2/avr51\libgcc.a(_copy_data.o)
 .data          0x00000000        0x0 c:/program files (x86)/atmel/studio/7.0/toolchain/avr8/avr8-gnu-toolchain/bin/../lib/gcc/avr/4.9.2/avr51\libgcc.a(_copy_data.o)
 .bss           0x00000000        0x0 c:/program files (x86)/atmel/studio/7.0/toolchain/avr8/avr8-gnu-toolchain/bin/../lib/gcc/avr/4.9.2/avr51\libgcc.a(_copy_data.o)
 .text.libgcc.mul
                0x00000000        0x0 c:/program files (x86)/atmel/studio/7.0/toolchain/avr8/avr8-gnu-toolchain/bin/../lib/gcc/avr/4.9.2/avr51\libgcc.a(_copy_data.o)
 .text.libgcc.div
                0x00000000        0x0 c:/program files (x86)/atmel/studio/7.0/toolchain/avr8/avr8-gnu-toolchain/bin/../lib/gcc/avr/4.9.2/avr51\libgcc.a(_copy_data.o)
 .text.libgcc   0x00000000        0x0 c:/program files (x86)/atmel/studio/7.0/toolchain/avr8/avr8-gnu-toolchain/bin/../lib/gcc/avr/4.9.2/avr51\libgcc.a(_copy_data.o)
 .text.libgcc.prologue
                0x00000000        0x0 c:/program files (x86)/atmel/studio/7.0/toolchain/avr8/avr8-gnu-toolchain/bin/../lib/gcc/avr/4.9.2/avr51\libgcc.a(_copy_data.o)
 .text.libgcc.builtins
                0x00000000        0x0 c:/program files (x86)/atmel/studio/7.0/toolchain/avr8/avr8-gnu-toolchain/bin/../lib/gcc/avr/4.9.2/avr51\libgcc.a(_copy_data.o)
 .text.libgcc.fmul
                0x00000000        0x0 c:/program files (x86)/atmel/studio/7.0/toolchain/avr8/avr8-gnu-toolchain/bin/../lib/gcc/avr/4.9.2/avr51\libgcc.a(_copy_data.o)
 .text.libgcc.fixed
                0x00000000        0x0 c:/program files (x86)/atmel/studio/7.0/toolchain/avr8/avr8-gnu-toolchain/bin/../lib/gcc/avr/4.9.2/avr51\libgcc.a(_copy_data.o)
 .text          0x00000000        0x0 c:/program files (x86)/atmel/studio/7.0/toolchain/avr8/avr8-gnu-toolchain/bin/../lib/gcc/avr/4.9.2/avr51\libgcc.a(_clear_bss.o)
 .data          0x00000000        0x0 c:/program files (x86)/atmel/studio/7.0/toolchain/avr8/avr8-gnu-toolchain/bin/../lib/gcc/avr/4.9.2/avr51\libgcc.a(_clear_bss.o)
 .bss           0x00000000        0x0 c:/program files (x86)/atmel/studio/7.0/toolchain/avr8/avr8-gnu-toolchain/bin/../lib/gcc/avr/4.9.2/avr51\libgcc.a(_clear_bss.o)
 .text.libgcc.mul
                0x00000000        0x0 c:/program files (x86)/atmel/studio/7.0/toolchain/avr8/avr8-gnu-toolchain/bin/../lib/gcc/avr/4.9.2/avr51\libgcc.a(_clear_bss.o)
 .text.libgcc.div
                0x00000000        0x0 c:/program files (x86)/atmel/studio/7.0/toolchain/avr8/avr8-gnu-toolchain/bin/../lib/gcc/avr/4.9.2/avr51\libgcc.a(_clear_bss.o)
 .text.libgcc   0x00000000        0x0 c:/program files (x86)/atmel/studio/7.0/toolchain/avr8/avr8-gnu-toolchain/bin/../lib/gcc/avr/4.9.2/avr51\libgcc.a(_clear_bss.o)
 .text.libgcc.prologue
                0x00000000        0x0 c:/program files (x86)/atmel/studio/7.0/toolchain/avr8/avr8-gnu-toolchain/bin/../lib/gcc/avr/4.9.2/avr51\libgcc.a(_clear_bss.o)
 .text.libgcc.builtins
                0x00000000        0x0 c:/program files (x86)/atmel/studio/7.0/toolchain/avr8/avr8-gnu-toolchain/bin/../lib/gcc/avr/4.9.2/avr51\libgcc.a(_clear_bss.o)
 .text.libgcc.fmul
                0x00000000        0x0 c:/program files (x86)/atmel/studio/7.0/toolchain/avr8/avr8-gnu-toolchain/bin/../lib/gcc/avr/4.9.2/avr51\libgcc.a(_clear_bss.o)
 .text.libgcc.fixed
                0x00000000        0x0 c:/program files (x86)/atmel/studio/7.0/toolchain/avr8/avr8-gnu-toolchain/bin/../lib/gcc/avr/4.9.2/avr51\libgcc.a(_clear_bss.o)

Memory Configuration

Name             Origin             Length             Attributes
text             0x00000000         0x00020000         xr
data             0x00800100         0x0000ff00         rw !x
eeprom           0x00810000         0x00010000         rw !x
fuse             0x00820000         0x00000003         rw !x
lock             0x00830000         0x00000400         rw !x
signature        0x00840000         0x00000400         rw !x
user_signatures  0x00850000         0x00000400         rw !x
*default*        0x00000000         0xffffffff

Linker script and memory map

Address of section .data set to 0x800100
LOAD C:/Program Files (x86)/Atmel/Studio/7.0/Packs/atmel/ATmega_DFP/1.1.130/gcc/dev/atmega128/avr51/crtatmega128.o
LOAD gps.o
LOAD hm.o
LOAD hMaster_Torqtest.o
LOAD mag.o
LOAD peripherals.o
LOAD spi.o
LOAD sun.o
LOAD twi.o
LOAD uart.o
START GROUP
LOAD c:/program files (x86)/atmel/studio/7.0/toolchain/avr8/avr8-gnu-toolchain/bin/../lib/gcc/avr/4.9.2/../../../../avr/lib/avr51\libm.a
END GROUP
START GROUP
LOAD c:/program files (x86)/atmel/studio/7.0/toolchain/avr8/avr8-gnu-toolchain/bin/../lib/gcc/avr/4.9.2/avr51\libgcc.a
LOAD c:/program files (x86)/atmel/studio/7.0/toolchain/avr8/avr8-gnu-toolchain/bin/../lib/gcc/avr/4.9.2/../../../../avr/lib/avr51\libm.a
LOAD c:/program files (x86)/atmel/studio/7.0/toolchain/avr8/avr8-gnu-toolchain/bin/../lib/gcc/avr/4.9.2/../../../../avr/lib/avr51\libc.a
LOAD C:/Program Files (x86)/Atmel/Studio/7.0/Packs/atmel/ATmega_DFP/1.1.130/gcc/dev/atmega128/avr51\libatmega128.a
END GROUP
                0x00020000                __TEXT_REGION_LENGTH__ = DEFINED (__TEXT_REGION_LENGTH__)?__TEXT_REGION_LENGTH__:0x20000
                0x0000ff00                __DATA_REGION_LENGTH__ = DEFINED (__DATA_REGION_LENGTH__)?__DATA_REGION_LENGTH__:0xff00
                0x00010000                __EEPROM_REGION_LENGTH__ = DEFINED (__EEPROM_REGION_LENGTH__)?__EEPROM_REGION_LENGTH__:0x10000
                [0x00000003]                __FUSE_REGION_LENGTH__ = DEFINED (__FUSE_REGION_LENGTH__)?__FUSE_REGION_LENGTH__:0x400
                0x00000400                __LOCK_REGION_LENGTH__ = DEFINED (__LOCK_REGION_LENGTH__)?__LOCK_REGION_LENGTH__:0x400
                0x00000400                __SIGNATURE_REGION_LENGTH__ = DEFINED (__SIGNATURE_REGION_LENGTH__)?__SIGNATURE_REGION_LENGTH__:0x400
                0x00000400                __USER_SIGNATURE_REGION_LENGTH__ = DEFINED (__USER_SIGNATURE_REGION_LENGTH__)?__USER_SIGNATURE_REGION_LENGTH__:0x400

.hash
 *(.hash)

.dynsym
 *(.dynsym)

.dynstr
 *(.dynstr)

.gnu.version
 *(.gnu.version)

.gnu.version_d
 *(.gnu.version_d)

.gnu.version_r
 *(.gnu.version_r)

.rel.init
 *(.rel.init)

.rela.init
 *(.rela.init)

.rel.text
 *(.rel.text)
 *(.rel.text.*)
 *(.rel.gnu.linkonce.t*)

.rela.text
 *(.rela.text)
 *(.rela.text.*)
 *(.rela.gnu.linkonce.t*)

.rel.fini
 *(.rel.fini)

.rela.fini
 *(.rela.fini)

.rel.rodata
 *(.rel.rodata)
 *(.rel.rodata.*)
 *(.rel.gnu.linkonce.r*)

.rela.rodata
 *(.rela.rodata)
 *(.rela.rodata.*)
 *(.rela.gnu.linkonce.r*)

.rel.data
 *(.rel.data)
 *(.rel.data.*)
 *(.rel.gnu.linkonce.d*)

.rela.data
 *(.rela.data)
 *(.rela.data.*)
 *(.rela.gnu.linkonce.d*)

.rel.ctors
 *(.rel.ctors)

.rela.ctors
 *(.rela.ctors)

.rel.dtors
 *(.rel.dtors)

.rela.dtors
 *(.rela.dtors)

.rel.got
 *(.rel.got)

.rela.got
 *(.rela.got)

.rel.bss
 *(.rel.bss)

.rela.bss
 *(.rela.bss)

.rel.plt
 *(.rel.plt)

.rela.plt
 *(.rela.plt)

.text           0x00000000      0x566
 *(.vectors)
 .vectors       0x00000000       0x8c C:/Program Files (x86)/Atmel/Studio/7.0/Packs/atmel/ATmega_DFP/1.1.130/gcc/dev/atmega128/avr51/crtatmega128.o
                0x00000000                __vector_default
                0x00000000                __vectors
 *(.vectors)
 *(.progmem.gcc*)
                0x0000008c                . = ALIGN (0x2)
                0x0000008c                __trampolines_start = .
 *(.trampolines)
 .trampolines   0x0000008c        0x0 linker stubs
 *(.trampolines*)
                0x0000008c                __trampolines_end = .
 *libprintf_flt.a:*(.progmem.data)
 *libc.a:*(.progmem.data)
 *(.progmem*)
                0x0000008c                . = ALIGN (0x2)
 *(.jumptables)
 *(.jumptables*)
 *(.lowtext)
 *(.lowtext*)
                0x0000008c                __ctors_start = .
 *(.ctors)
                0x0000008c                __ctors_end = .
                0x0000008c                __dtors_start = .
 *(.dtors)
                0x0000008c                __dtors_end = .
 SORT(*)(.ctors)
 SORT(*)(.dtors)
 *(.init0)
 .init0         0x0000008c        0x0 C:/Program Files (x86)/Atmel/Studio/7.0/Packs/atmel/ATmega_DFP/1.1.130/gcc/dev/atmega128/avr51/crtatmega128.o
                0x0000008c                __init
 *(.init0)
 *(.init1)
 *(.init1)
 *(.init2)
 .init2         0x0000008c        0xc C:/Program Files (x86)/Atmel/Studio/7.0/Packs/atmel/ATmega_DFP/1.1.130/gcc/dev/atmega128/avr51/crtatmega128.o
 *(.init2)
 *(.init3)
 *(.init3)
 *(.init4)
 .init4         0x00000098       0x1a c:/program files (x86)/atmel/studio/7.0/toolchain/avr8/avr8-gnu-toolchain/bin/../lib/gcc/avr/4.9.2/avr51\libgcc.a(_copy_data.o)
                0x00000098                __do_copy_data
 .init4         0x000000b2       0x10 c:/program files (x86)/atmel/studio/7.0/toolchain/avr8/avr8-gnu-toolchain/bin/../lib/gcc/avr/4.9.2/avr51\libgcc.a(_clear_bss.o)
                0x000000b2                __do_clear_bss
 *(.init4)
 *(.init5)
 *(.init5)
 *(.init6)
 *(.init6)
 *(.init7)
 *(.init7)
 *(.init8)
 *(.init8)
 *(.init9)
 .init9         0x000000c2        0x8 C:/Program Files (x86)/Atmel/Studio/7.0/Packs/atmel/ATmega_DFP/1.1.130/gcc/dev/atmega128/avr51/crtatmega128.o
 *(.init9)
 *(.text)
 .text          0x000000ca        0x4 C:/Program Files (x86)/Atmel/Studio/7.0/Packs/atmel/ATmega_DFP/1.1.130/gcc/dev/atmega128/avr51/crtatmega128.o
                0x000000ca                __vector_22
                0x000000ca                __vector_28
                0x000000ca                __vector_1
                0x000000ca                __vector_32
                0x000000ca                __vector_34
                0x000000ca                __vector_24
                0x000000ca                __vector_12
                0x000000ca                __bad_interrupt
                0x000000ca                __vector_6
                0x000000ca                __vector_31
                0x000000ca                __vector_3
                0x000000ca                __vector_23
                0x000000ca                __vector_30
                0x000000ca                __vector_25
                0x000000ca                __vector_11
                0x000000ca                __vector_13
                0x000000ca                __vector_17
                0x000000ca                __vector_19
                0x000000ca                __vector_7
                0x000000ca                __vector_27
                0x000000ca                __vector_5
                0x000000ca                __vector_33
                0x000000ca                __vector_4
                0x000000ca                __vector_9
                0x000000ca                __vector_2
                0x000000ca                __vector_21
                0x000000ca                __vector_15
                0x000000ca                __vector_29
                0x000000ca                __vector_8
                0x000000ca                __vector_26
                0x000000ca                __vector_14
                0x000000ca                __vector_10
                0x000000ca                __vector_16
                0x000000ca                __vector_20
                0x000000ce                . = ALIGN (0x2)
 *(.text.*)
 .text.__vector_18
                0x000000ce      0x2a0 gps.o
                0x000000ce                __vector_18
 .text.main     0x0000036e      0x176 hMaster_Torqtest.o
                0x0000036e                main
 .text.configure_torquer
                0x000004e4       0x4c peripherals.o
                0x000004e4                configure_torquer
 .text.init_UART0
                0x00000530       0x22 uart.o
                0x00000530                init_UART0
 .text.transmit_UART0
                0x00000552        0x8 uart.o
                0x00000552                transmit_UART0
 .text.receive_UART0
                0x0000055a        0x8 uart.o
                0x0000055a                receive_UART0
                0x00000562                . = ALIGN (0x2)
 *(.fini9)
 .fini9         0x00000562        0x0 c:/program files (x86)/atmel/studio/7.0/toolchain/avr8/avr8-gnu-toolchain/bin/../lib/gcc/avr/4.9.2/avr51\libgcc.a(_exit.o)
                0x00000562                _exit
                0x00000562                exit
 *(.fini9)
 *(.fini8)
 *(.fini8)
 *(.fini7)
 *(.fini7)
 *(.fini6)
 *(.fini6)
 *(.fini5)
 *(.fini5)
 *(.fini4)
 *(.fini4)
 *(.fini3)
 *(.fini3)
 *(.fini2)
 *(.fini2)
 *(.fini1)
 *(.fini1)
 *(.fini0)
 .fini0         0x00000562        0x4 c:/program files (x86)/atmel/studio/7.0/toolchain/avr8/avr8-gnu-toolchain/bin/../lib/gcc/avr/4.9.2/avr51\libgcc.a(_exit.o)
 *(.fini0)
                0x00000566                _etext = .

.data           0x00800100        0x8 load address 0x00000566
                0x00800100                PROVIDE (__data_start, .)
 *(.data)
 *(.data*)
 .data.pdop     0x00800100        0x2 gps.o
 .data.time     0x00800102        0x1 gps.o
 .data.geo      0x00800103        0x1 gps.o
 .data.dop      0x00800104        0x1 gps.o
 .data.vel      0x00800105        0x1 gps.o
 .data.pos      0x00800106        0x1 gps.o
 *(.rodata)
 *(.rodata*)
 *(.gnu.linkonce.d*)
                0x00800108                . = ALIGN (0x2)
 *fill*         0x00800107        0x1 
                0x00800108                _edata = .
                0x00800108                PROVIDE (__data_end, .)

.bss            0x00800108       0x92
                0x00800108                PROVIDE (__bss_start, .)
 *(.bss)
 *(.bss*)
 .bss.message_end
                0x00800108        0x1 gps.o
 .bss.last_byte
                0x00800109        0x1 gps.o
 .bss.buffer    0x0080010a        0x4 gps.o
 *(COMMON)
 COMMON         0x0080010e       0x8c gps.o
                0x0080010e                gps
                0x0080013b                Current_state
                0x00800190                GPS_done
                0x00800191                Mode
                0x00800192                Time
                0x0080019a                PROVIDE (__bss_end, .)
                0x00000566                __data_load_start = LOADADDR (.data)
                0x0000056e                __data_load_end = (__data_load_start + SIZEOF (.data))

.noinit         0x0080019a        0x0
                [!provide]                PROVIDE (__noinit_start, .)
 *(.noinit*)
                [!provide]                PROVIDE (__noinit_end, .)
                0x0080019a                _end = .
                [!provide]                PROVIDE (__heap_start, .)

.eeprom         0x00810000        0x0
 *(.eeprom*)
                0x00810000                __eeprom_end = .

.fuse
 *(.fuse)
 *(.lfuse)
 *(.hfuse)
 *(.efuse)

.lock
 *(.lock*)

.signature
 *(.signature*)

.user_signatures
 *(.user_signatures*)

.stab
 *(.stab)

.stabstr
 *(.stabstr)

.stab.excl
 *(.stab.excl)

.stab.exclstr
 *(.stab.exclstr)

.stab.index
 *(.stab.index)

.stab.indexstr
 *(.stab.indexstr)

.comment        0x00000000       0x30
 *(.comment)
 .comment       0x00000000       0x30 gps.o
                                 0x31 (size before relaxing)
 .comment       0x00000030       0x31 hMaster_Torqtest.o
 .comment       0x00000030       0x31 peripherals.o
 .comment       0x00000030       0x31 uart.o

.note.gnu.avr.deviceinfo
                0x00000000       0x3c
 .note.gnu.avr.deviceinfo
                0x00000000       0x3c C:/Program Files (x86)/Atmel/Studio/7.0/Packs/atmel/ATmega_DFP/1.1.130/gcc/dev/atmega128/avr51/crtatmega128.o

.note.gnu.build-id
 *(.note.gnu.build-id)

.debug
 *(.debug)

.line
 *(.line)

.debug_srcinfo
 *(.debug_srcinfo)

.debug_sfnames
 *(.debug_sfnames)

.debug_aranges  0x00000000      0x100
 *(.debug_aranges)
 .debug_aranges
                0x00000000       0x28 gps.o
 .debug_aranges
                0x00000028       0x20 hMaster_Torqtest.o
 .debug_aranges
                0x00000048       0x60 peripherals.o
 .debug_aranges
                0x000000a8       0x58 uart.o

.debug_pubnames
 *(.debug_pubnames)

.debug_info     0x00000000     0x1a6c
 *(.debug_info .gnu.linkonce.wi.*)
 .debug_info    0x00000000      0x780 C:/Program Files (x86)/Atmel/Studio/7.0/Packs/atmel/ATmega_DFP/1.1.130/gcc/dev/atmega128/avr51/crtatmega128.o
 .debug_info    0x00000780      0x459 gps.o
 .debug_info    0x00000bd9      0x7e5 hMaster_Torqtest.o
 .debug_info    0x000013be      0x509 peripherals.o
 .debug_info    0x000018c7      0x1a5 uart.o

.debug_abbrev   0x00000000      0xc1e
 *(.debug_abbrev)
 .debug_abbrev  0x00000000      0x718 C:/Program Files (x86)/Atmel/Studio/7.0/Packs/atmel/ATmega_DFP/1.1.130/gcc/dev/atmega128/avr51/crtatmega128.o
 .debug_abbrev  0x00000718       0xef gps.o
 .debug_abbrev  0x00000807      0x20d hMaster_Torqtest.o
 .debug_abbrev  0x00000a14      0x114 peripherals.o
 .debug_abbrev  0x00000b28       0xf6 uart.o

.debug_line     0x00000000      0xaaf
 *(.debug_line .debug_line.* .debug_line_end)
 .debug_line    0x00000000      0x169 C:/Program Files (x86)/Atmel/Studio/7.0/Packs/atmel/ATmega_DFP/1.1.130/gcc/dev/atmega128/avr51/crtatmega128.o
 .debug_line    0x00000169      0x235 gps.o
 .debug_line    0x0000039e      0x2a0 hMaster_Torqtest.o
 .debug_line    0x0000063e      0x257 peripherals.o
 .debug_line    0x00000895      0x21a uart.o

.debug_frame    0x00000000      0x1d8
 *(.debug_frame)
 .debug_frame   0x00000000       0x64 gps.o
 .debug_frame   0x00000064       0x24 hMaster_Torqtest.o
 .debug_frame   0x00000088       0xa4 peripherals.o
 .debug_frame   0x0000012c       0xac uart.o

.debug_str      0x00000000      0x72d
 *(.debug_str)
 .debug_str     0x00000000      0x27d C:/Program Files (x86)/Atmel/Studio/7.0/Packs/atmel/ATmega_DFP/1.1.130/gcc/dev/atmega128/avr51/crtatmega128.o
 .debug_str     0x0000027d      0x293 gps.o
                                0x2e9 (size before relaxing)
 .debug_str     0x00000510      0x111 hMaster_Torqtest.o
                                0x366 (size before relaxing)
 .debug_str     0x00000621       0xac peripherals.o
                                0x35f (size before relaxing)
 .debug_str     0x000006cd       0x60 uart.o
                                0x203 (size before relaxing)

.debug_loc      0x00000000      0x64b
 *(.debug_loc)
 .debug_loc     0x00000000       0x8a gps.o
 .debug_loc     0x0000008a      0x46d hMaster_Torqtest.o
 .debug_loc     0x000004f7       0x8c peripherals.o
 .debug_loc     0x00000583       0xc8 uart.o

.debug_macinfo
 *(.debug_macinfo)

.debug_weaknames
 *(.debug_weaknames)

.debug_funcnames
 *(.debug_funcnames)

.debug_typenames
 *(.debug_typenames)

.debug_varnames
 *(.debug_varnames)

.debug_pubtypes
 *(.debug_pubtypes)

.debug_ranges   0x00000000      0x150
 *(.debug_ranges)
 .debug_ranges  0x00000000       0x18 gps.o
 .debug_ranges  0x00000018       0xa0 hMaster_Torqtest.o
 .debug_ranges  0x000000b8       0x50 peripherals.o
 .debug_ranges  0x00000108       0x48 uart.o

.debug_macro
 *(.debug_macro)
OUTPUT(hMaster_Torqtest.elf elf32-avr)
LOAD linker stubs
