Archive member included to satisfy reference by file (symbol)

d:/program files (x86)/atmel/studio/7.0/toolchain/avr8/avr8-gnu-toolchain/bin/../lib/gcc/avr/4.9.2/../../../../avr/lib/avr51\libm.a(acos.o)
                              propagator.o (acos)
d:/program files (x86)/atmel/studio/7.0/toolchain/avr8/avr8-gnu-toolchain/bin/../lib/gcc/avr/4.9.2/../../../../avr/lib/avr51\libm.a(addsf3.o)
                              comm.o (__subsf3)
d:/program files (x86)/atmel/studio/7.0/toolchain/avr8/avr8-gnu-toolchain/bin/../lib/gcc/avr/4.9.2/../../../../avr/lib/avr51\libm.a(addsf3x.o)
                              d:/program files (x86)/atmel/studio/7.0/toolchain/avr8/avr8-gnu-toolchain/bin/../lib/gcc/avr/4.9.2/../../../../avr/lib/avr51\libm.a(acos.o) (__addsf3x)
d:/program files (x86)/atmel/studio/7.0/toolchain/avr8/avr8-gnu-toolchain/bin/../lib/gcc/avr/4.9.2/../../../../avr/lib/avr51\libm.a(asin.o)
                              comm.o (asin)
d:/program files (x86)/atmel/studio/7.0/toolchain/avr8/avr8-gnu-toolchain/bin/../lib/gcc/avr/4.9.2/../../../../avr/lib/avr51\libm.a(atan2.o)
                              frame.o (atan2)
d:/program files (x86)/atmel/studio/7.0/toolchain/avr8/avr8-gnu-toolchain/bin/../lib/gcc/avr/4.9.2/../../../../avr/lib/avr51\libm.a(atan.o)
                              d:/program files (x86)/atmel/studio/7.0/toolchain/avr8/avr8-gnu-toolchain/bin/../lib/gcc/avr/4.9.2/../../../../avr/lib/avr51\libm.a(atan2.o) (atan)
d:/program files (x86)/atmel/studio/7.0/toolchain/avr8/avr8-gnu-toolchain/bin/../lib/gcc/avr/4.9.2/../../../../avr/lib/avr51\libm.a(cmpsf2.o)
                              controller.o (__eqsf2)
d:/program files (x86)/atmel/studio/7.0/toolchain/avr8/avr8-gnu-toolchain/bin/../lib/gcc/avr/4.9.2/../../../../avr/lib/avr51\libm.a(cos.o)
                              frame.o (cos)
d:/program files (x86)/atmel/studio/7.0/toolchain/avr8/avr8-gnu-toolchain/bin/../lib/gcc/avr/4.9.2/../../../../avr/lib/avr51\libm.a(divsf3.o)
                              comm.o (__divsf3)
d:/program files (x86)/atmel/studio/7.0/toolchain/avr8/avr8-gnu-toolchain/bin/../lib/gcc/avr/4.9.2/../../../../avr/lib/avr51\libm.a(divsf3x.o)
                              d:/program files (x86)/atmel/studio/7.0/toolchain/avr8/avr8-gnu-toolchain/bin/../lib/gcc/avr/4.9.2/../../../../avr/lib/avr51\libm.a(divsf3.o) (__divsf3x)
d:/program files (x86)/atmel/studio/7.0/toolchain/avr8/avr8-gnu-toolchain/bin/../lib/gcc/avr/4.9.2/../../../../avr/lib/avr51\libm.a(fixsfsi.o)
                              controller.o (__fixsfsi)
d:/program files (x86)/atmel/studio/7.0/toolchain/avr8/avr8-gnu-toolchain/bin/../lib/gcc/avr/4.9.2/../../../../avr/lib/avr51\libm.a(fixunssfsi.o)
                              controller.o (__fixunssfsi)
d:/program files (x86)/atmel/studio/7.0/toolchain/avr8/avr8-gnu-toolchain/bin/../lib/gcc/avr/4.9.2/../../../../avr/lib/avr51\libm.a(floatsisf.o)
                              controller.o (__floatunsisf)
d:/program files (x86)/atmel/studio/7.0/toolchain/avr8/avr8-gnu-toolchain/bin/../lib/gcc/avr/4.9.2/../../../../avr/lib/avr51\libm.a(floatundisf.o)
                              frame.o (__floatundisf)
d:/program files (x86)/atmel/studio/7.0/toolchain/avr8/avr8-gnu-toolchain/bin/../lib/gcc/avr/4.9.2/../../../../avr/lib/avr51\libm.a(fp_arccos.o)
                              d:/program files (x86)/atmel/studio/7.0/toolchain/avr8/avr8-gnu-toolchain/bin/../lib/gcc/avr/4.9.2/../../../../avr/lib/avr51\libm.a(acos.o) (__fp_arccos)
d:/program files (x86)/atmel/studio/7.0/toolchain/avr8/avr8-gnu-toolchain/bin/../lib/gcc/avr/4.9.2/../../../../avr/lib/avr51\libm.a(fp_cmp.o)
                              d:/program files (x86)/atmel/studio/7.0/toolchain/avr8/avr8-gnu-toolchain/bin/../lib/gcc/avr/4.9.2/../../../../avr/lib/avr51\libm.a(cmpsf2.o) (__fp_cmp)
d:/program files (x86)/atmel/studio/7.0/toolchain/avr8/avr8-gnu-toolchain/bin/../lib/gcc/avr/4.9.2/../../../../avr/lib/avr51\libm.a(fp_inf.o)
                              d:/program files (x86)/atmel/studio/7.0/toolchain/avr8/avr8-gnu-toolchain/bin/../lib/gcc/avr/4.9.2/../../../../avr/lib/avr51\libm.a(addsf3x.o) (__fp_inf)
d:/program files (x86)/atmel/studio/7.0/toolchain/avr8/avr8-gnu-toolchain/bin/../lib/gcc/avr/4.9.2/../../../../avr/lib/avr51\libm.a(fp_nan.o)
                              d:/program files (x86)/atmel/studio/7.0/toolchain/avr8/avr8-gnu-toolchain/bin/../lib/gcc/avr/4.9.2/../../../../avr/lib/avr51\libm.a(addsf3x.o) (__fp_nan)
d:/program files (x86)/atmel/studio/7.0/toolchain/avr8/avr8-gnu-toolchain/bin/../lib/gcc/avr/4.9.2/../../../../avr/lib/avr51\libm.a(fp_powser.o)
                              d:/program files (x86)/atmel/studio/7.0/toolchain/avr8/avr8-gnu-toolchain/bin/../lib/gcc/avr/4.9.2/../../../../avr/lib/avr51\libm.a(atan.o) (__fp_powser)
d:/program files (x86)/atmel/studio/7.0/toolchain/avr8/avr8-gnu-toolchain/bin/../lib/gcc/avr/4.9.2/../../../../avr/lib/avr51\libm.a(fp_powsodd.o)
[...]
Memory Configuration

Name             Origin             Length             Attributes
text             0x00000000         0x00020000         xr
data             0x00800100         0x0000ff00         rw !x
eeprom           0x00810000         0x00010000         rw !x
fuse             0x00820000         0x00000400         rw !x
lock             0x00830000         0x00000400         rw !x
signature        0x00840000         0x00000400         rw !x
user_signatures  0x00850000         0x00000400         rw !x
*default*        0x00000000         0xffffffff

Linker script and memory map

Address of section .data set to 0x800100
LOAD D:/Program Files (x86)/Atmel/Studio/7.0/Packs/atmel/ATmega_DFP/1.0.90/gcc/dev/atmega128/avr51/crtatmega128.o
LOAD comm.o
LOAD controller.o
LOAD frame.o
LOAD gps.o
LOAD hm.o
LOAD igrf.o
LOAD mag.o
LOAD mathutil.o
LOAD peripherals.o
LOAD propagator.o
LOAD quest.o
LOAD spi.o
LOAD sun.o
LOAD timer.o
LOAD uart.o
LOAD xyz.o
START GROUP
LOAD d:/program files (x86)/atmel/studio/7.0/toolchain/avr8/avr8-gnu-toolchain/bin/../lib/gcc/avr/4.9.2/../../../../avr/lib/avr51\libm.a
END GROUP
START GROUP
LOAD d:/program files (x86)/atmel/studio/7.0/toolchain/avr8/avr8-gnu-toolchain/bin/../lib/gcc/avr/4.9.2/avr51\libgcc.a
LOAD d:/program files (x86)/atmel/studio/7.0/toolchain/avr8/avr8-gnu-toolchain/bin/../lib/gcc/avr/4.9.2/../../../../avr/lib/avr51\libm.a
LOAD d:/program files (x86)/atmel/studio/7.0/toolchain/avr8/avr8-gnu-toolchain/bin/../lib/gcc/avr/4.9.2/../../../../avr/lib/avr51\libc.a
LOAD D:/Program Files (x86)/Atmel/Studio/7.0/Packs/atmel/ATmega_DFP/1.0.90/gcc/dev/atmega128/avr51\libatmega128.a
END GROUP

.hash
 *(.hash)

.dynsym
 *(.dynsym)

.dynstr
 *(.dynstr)

.gnu.version
 *(.gnu.version)

.gnu.version_d
 *(.gnu.version_d)

.gnu.version_r
 *(.gnu.version_r)

.rel.init
 *(.rel.init)

.rela.init
 *(.rela.init)

.rel.text
 *(.rel.text)
 *(.rel.text.*)
 *(.rel.gnu.linkonce.t*)

.rela.text
 *(.rela.text)
 *(.rela.text.*)
 *(.rela.gnu.linkonce.t*)

.rel.fini
 *(.rel.fini)

.rela.fini
 *(.rela.fini)

.rel.rodata
 *(.rel.rodata)
 *(.rel.rodata.*)
 *(.rel.gnu.linkonce.r*)

.rela.rodata
 *(.rela.rodata)
 *(.rela.rodata.*)
 *(.rela.gnu.linkonce.r*)

.rel.data
 *(.rel.data)
 *(.rel.data.*)
 *(.rel.gnu.linkonce.d*)

.rela.data
 *(.rela.data)
 *(.rela.data.*)
 *(.rela.gnu.linkonce.d*)

.rel.ctors
 *(.rel.ctors)

.rela.ctors
 *(.rela.ctors)

.rel.dtors
 *(.rel.dtors)

.rela.dtors
 *(.rela.dtors)

.rel.got
 *(.rel.got)

.rela.got
 *(.rela.got)

.rel.bss
 *(.rel.bss)

.rela.bss
 *(.rela.bss)

.rel.plt
 *(.rel.plt)

.rela.plt
 *(.rela.plt)

.text           0x00000000     0x6c86
 *(.vectors)
 .vectors       0x00000000       0x8c D:/Program Files (x86)/Atmel/Studio/7.0/Packs/atmel/ATmega_DFP/1.0.90/gcc/dev/atmega128/avr51/crtatmega128.o
                0x00000000                __vector_default
                0x00000000                __vectors
 *(.vectors)
 *(.progmem.gcc*)
 .progmem.gcc_sw_table.days_in_months
                0x0000008c       0x16 frame.o
 .progmem.gcc_fplib
                0x000000a2       0x14 d:/program files (x86)/atmel/studio/7.0/toolchain/avr8/avr8-gnu-toolchain/bin/../lib/gcc/avr/4.9.2/../../../../avr/lib/avr51\libm.a(asin.o)
 .progmem.gcc_fplib
                0x000000b6       0x2d d:/program files (x86)/atmel/studio/7.0/toolchain/avr8/avr8-gnu-toolchain/bin/../lib/gcc/avr/4.9.2/../../../../avr/lib/avr51\libm.a(atan.o)
 .progmem.gcc_fplib
                0x000000e3       0x28 d:/program files (x86)/atmel/studio/7.0/toolchain/avr8/avr8-gnu-toolchain/bin/../lib/gcc/avr/4.9.2/../../../../avr/lib/avr51\libm.a(fp_arccos.o)
 .progmem.gcc_fplib
                0x0000010b       0x1e d:/program files (x86)/atmel/studio/7.0/toolchain/avr8/avr8-gnu-toolchain/bin/../lib/gcc/avr/4.9.2/../../../../avr/lib/avr51\libm.a(fp_sinus.o)
 .progmem.gcc_fplib
                0x00000129       0x28 d:/program files (x86)/atmel/studio/7.0/toolchain/avr8/avr8-gnu-toolchain/bin/../lib/gcc/avr/4.9.2/../../../../avr/lib/avr51\libm.a(exp.o)
 .progmem.gcc_fplib
                0x00000151       0x5a d:/program files (x86)/atmel/studio/7.0/toolchain/avr8/avr8-gnu-toolchain/bin/../lib/gcc/avr/4.9.2/../../../../avr/lib/avr51\libm.a(log.o)
                0x000001ac                . = ALIGN (0x2)
 *fill*         0x000001ab        0x1 
                0x000001ac                __trampolines_start = .
 *(.trampolines)
 .trampolines   0x000001ac        0x0 linker stubs
 *(.trampolines*)
                0x000001ac                __trampolines_end = .
 *(.progmem*)
 .progmem.data.dgh
                0x000001ac      0x310 igrf.o
 .progmem.data.agh
                0x000004bc      0x310 igrf.o
                0x000007cc                . = ALIGN (0x2)
 *(.jumptables)
 *(.jumptables*)
 *(.lowtext)
 *(.lowtext*)
                0x000007cc                __ctors_start = .
 *(.ctors)
                0x000007cc                __ctors_end = .
                0x000007cc                __dtors_start = .
 *(.dtors)
                0x000007cc                __dtors_end = .
 SORT(*)(.ctors)
 SORT(*)(.dtors)
 *(.init0)
 .init0         0x000007cc        0x0 D:/Program Files (x86)/Atmel/Studio/7.0/Packs/atmel/ATmega_DFP/1.0.90/gcc/dev/atmega128/avr51/crtatmega128.o
                0x000007cc                __init
 *(.init0)
 *(.init1)
 *(.init1)
 *(.init2)
 .init2         0x000007cc        0xc D:/Program Files (x86)/Atmel/Studio/7.0/Packs/atmel/ATmega_DFP/1.0.90/gcc/dev/atmega128/avr51/crtatmega128.o
 *(.init2)
 *(.init3)
 *(.init3)
 *(.init4)
 .init4         0x000007d8       0x1a d:/program files (x86)/atmel/studio/7.0/toolchain/avr8/avr8-gnu-toolchain/bin/../lib/gcc/avr/4.9.2/avr51\libgcc.a(_copy_data.o)
                0x000007d8                __do_copy_data
 .init4         0x000007f2       0x10 d:/program files (x86)/atmel/studio/7.0/toolchain/avr8/avr8-gnu-toolchain/bin/../lib/gcc/avr/4.9.2/avr51\libgcc.a(_clear_bss.o)
                0x000007f2                __do_clear_bss
 *(.init4)
 *(.init5)
 *(.init5)
 *(.init6)
 *(.init6)
 *(.init7)
 *(.init7)
 *(.init8)
 *(.init8)
 *(.init9)
 .init9         0x00000802        0x8 D:/Program Files (x86)/Atmel/Studio/7.0/Packs/atmel/ATmega_DFP/1.0.90/gcc/dev/atmega128/avr51/crtatmega128.o
 *(.init9)
 *(.text)
 .text          0x0000080a        0x2 D:/Program Files (x86)/Atmel/Studio/7.0/Packs/atmel/ATmega_DFP/1.0.90/gcc/dev/atmega128/avr51/crtatmega128.o
                0x0000080a                __vector_22
                0x0000080a                __vector_28
                0x0000080a                __vector_1
                0x0000080a                __vector_32
                0x0000080a                __vector_34
                0x0000080a                __vector_24
                0x0000080a                __vector_12
                0x0000080a                __bad_interrupt
                0x0000080a                __vector_6
                0x0000080a                __vector_31
                0x0000080a                __vector_3
                0x0000080a                __vector_23
                0x0000080a                __vector_25
                0x0000080a                __vector_11
                0x0000080a                __vector_13
                0x0000080a                __vector_17
                0x0000080a                __vector_19
                0x0000080a                __vector_7
                0x0000080a                __vector_27
                0x0000080a                __vector_5
                0x0000080a                __vector_33
                0x0000080a                __vector_4
                0x0000080a                __vector_9
                0x0000080a                __vector_2
                0x0000080a                __vector_21
                0x0000080a                __vector_15
                0x0000080a                __vector_29
                0x0000080a                __vector_8
                0x0000080a                __vector_26
                0x0000080a                __vector_14
                0x0000080a                __vector_10
                0x0000080a                __vector_16
                0x0000080a                __vector_20
                0x0000080c                . = ALIGN (0x2)
 *(.text.*)
 .text.detumbling
                0x0000080c      0x1d2 controller.o
                0x0000080c                detumbling
 .text.nominal  0x000009de      0x336 controller.o
                0x000009de                nominal
 .text.apply_torque
                0x00000d14      0x2d6 controller.o
                0x00000d14                apply_torque
 .text.control  0x00000fea      0x70c controller.o
                0x00000fea                control
 .text.days_in_months
                0x000016f6       0xee frame.o
                0x000016f6                days_in_months
 .text.get_seconds_since_pivot
                0x000017e4      0x32e frame.o
                0x000017e4                get_seconds_since_pivot
 .text.get_seconds_since_equinox
                0x00001b12       0xa6 frame.o
                0x00001b12                get_seconds_since_equinox
 .text.ecef2eci
                0x00001bb8      0x116 frame.o
                0x00001bb8                ecef2eci
 .text.eci2ecef
                0x00001cce      0x114 frame.o
                0x00001cce                eci2ecef
 .text.eci2orbit
                0x00001de2      0x164 frame.o
                0x00001de2                eci2orbit
 .text.ecef2lla
                0x00001f46      0x2fc frame.o
                0x00001f46                ecef2lla
 .text.ned2ecef
                0x00002242      0x16a frame.o
                0x00002242                ned2ecef
 .text.__vector_18
                0x000023ac      0x5de gps.o
                0x000023ac                __vector_18
 .text.igrf     0x0000298a      0xd6a igrf.o
                0x0000298a                igrf
 .text.init_UART_MM
                0x000036f4       0x38 mag.o
                0x000036f4                init_UART_MM
 .text.__vector_30
                0x0000372c      0x1a4 mag.o
                0x0000372c                __vector_30
 .text.send_MM_cmd
                0x000038d0       0x2c mag.o
                0x000038d0                send_MM_cmd
 .text.poll_MM  0x000038fc        0x8 mag.o
                0x000038fc                poll_MM
 .text.copy_vector
                0x00003904       0x40 mathutil.o
                0x00003904                copy_vector
 .text.copy_quaternion
                0x00003944       0x20 mathutil.o
                0x00003944                copy_quaternion
 .text.vector_norm
                0x00003964       0xe4 mathutil.o
                0x00003964                vector_norm
 .text.quaternion_norm
                0x00003a48      0x156 mathutil.o
                0x00003a48                quaternion_norm
 .text.vector_dot_product
                0x00003b9e       0x88 mathutil.o
                0x00003b9e                vector_dot_product
 .text.add_vectors
                0x00003c26       0x5e mathutil.o
                0x00003c26                add_vectors
 .text.vector_into_matrix
                0x00003c84       0xbc mathutil.o
                0x00003c84                vector_into_matrix
 .text.vector_cross_product
                0x00003d40      0x102 mathutil.o
                0x00003d40                vector_cross_product
 .text.scalar_into_vector
                0x00003e42       0x68 mathutil.o
                0x00003e42                scalar_into_vector
 .text.scalar_into_quaternion
                0x00003eaa       0x4c mathutil.o
                0x00003eaa                scalar_into_quaternion
 .text.convert_unit_vector
                0x00003ef6       0x6a mathutil.o
                0x00003ef6                convert_unit_vector
 .text.convert_unit_quaternion
                0x00003f60       0x4e mathutil.o
                0x00003f60                convert_unit_quaternion
 .text.read_GPS
                0x00003fae        0x4 peripherals.o
                0x00003fae                read_GPS
 .text.read_SS  0x00003fb2        0x6 peripherals.o
                0x00003fb2                read_SS
 .text.read_MM  0x00003fb8        0x4 peripherals.o
                0x00003fb8                read_MM
 .text.configure_torquer
                0x00003fbc       0x54 peripherals.o
                0x00003fbc                configure_torquer
 .text.set_PWM  0x00004010       0x62 peripherals.o
                0x00004010                set_PWM
 .text.reset_PWM
                0x00004072       0x28 peripherals.o
                0x00004072                reset_PWM
 .text.copy_gps_reading
                0x0000409a      0x1c8 propagator.o
                0x0000409a                copy_gps_reading
 .text.sgp_get_acceleration
                0x00004262      0x1e6 propagator.o
                0x00004262                sgp_get_acceleration
 .text.sgp_orbit_propagator
                0x00004448      0x13a propagator.o
                0x00004448                sgp_orbit_propagator
 .text.sun_vector_estimator
                0x00004582      0x19e propagator.o
                0x00004582                sun_vector_estimator
 .text.magnetic_field_estimator
                0x00004720       0xf6 propagator.o
                0x00004720                magnetic_field_estimator
 .text.light_cal
                0x00004816       0x50 quest.o
                0x00004816                light_cal
 .text.quest    0x00004866      0x802 quest.o
                0x00004866                quest
 .text.omega_estimation
                0x00005068      0x582 quest.o
                0x00005068                omega_estimation
 .text.init_SPI
                0x000055ea       0x1a spi.o
                0x000055ea                init_SPI
 .text.SPI_transfer
                0x00005604        0xa spi.o
                0x00005604                SPI_transfer
 .text.poll_SS  0x0000560e      0x1fa sun.o
                0x0000560e                poll_SS
 .text.timer_reset_two_sec
                0x00005808       0x20 timer.o
                0x00005808                timer_reset_two_sec
 .text.timer_wait_reset
                0x00005828        0xa timer.o
                0x00005828                timer_wait_reset
 .text.init_UART0
                0x00005832       0x22 uart.o
                0x00005832                init_UART0
 .text.transmit_UART0
                0x00005854        0x8 uart.o
                0x00005854                transmit_UART0
 .text.TWI_init_master
                0x0000585c       0x10 xyz.o
                0x0000585c                TWI_init_master
 .text.TWI_start
                0x0000586c       0x1e xyz.o
                0x0000586c                TWI_start
 .text.TWI_write_address
                0x0000588a       0x24 xyz.o
                0x0000588a                TWI_write_address
 .text.TWI_read_address
                0x000058ae       0x22 xyz.o
                0x000058ae                TWI_read_address
 .text.TWI_write_data
                0x000058d0       0x22 xyz.o
                0x000058d0                TWI_write_data
 .text.TWI_read_data
                0x000058f2       0x26 xyz.o
                0x000058f2                TWI_read_data
 .text.TWI_stop
                0x00005918       0x12 xyz.o
                0x00005918                TWI_stop
 .text.SendHM   0x0000592a       0x28 xyz.o
                0x0000592a                SendHM
 .text.main     0x00005952      0x834 xyz.o
                0x00005952                main
 .text.avr-libc.fplib
                0x00006186       0x1c d:/program files (x86)/atmel/studio/7.0/toolchain/avr8/avr8-gnu-toolchain/bin/../lib/gcc/avr/4.9.2/../../../../avr/lib/avr51\libm.a(acos.o)
                0x00006186                acos
 .text.avr-libc.fplib
                0x000061a2        0xa d:/program files (x86)/atmel/studio/7.0/toolchain/avr8/avr8-gnu-toolchain/bin/../lib/gcc/avr/4.9.2/../../../../avr/lib/avr51\libm.a(addsf3.o)
                0x000061a2                __subsf3
                0x000061a4                __addsf3
 .text.avr-libc.fplib
                0x000061ac       0xc0 d:/program files (x86)/atmel/studio/7.0/toolchain/avr8/avr8-gnu-toolchain/bin/../lib/gcc/avr/4.9.2/../../../../avr/lib/avr51\libm.a(addsf3x.o)
                0x000061c6                __addsf3x
 .text.avr-libc.fplib
                0x0000626c       0x2e d:/program files (x86)/atmel/studio/7.0/toolchain/avr8/avr8-gnu-toolchain/bin/../lib/gcc/avr/4.9.2/../../../../avr/lib/avr51\libm.a(asin.o)
                0x0000626c                asin
 .text.avr-libc.fplib
                0x0000629a       0x74 d:/program files (x86)/atmel/studio/7.0/toolchain/avr8/avr8-gnu-toolchain/bin/../lib/gcc/avr/4.9.2/../../../../avr/lib/avr51\libm.a(atan2.o)
                0x000062b8                atan2
 .text.avr-libc.fplib
                0x0000630e       0x50 d:/program files (x86)/atmel/studio/7.0/toolchain/avr8/avr8-gnu-toolchain/bin/../lib/gcc/avr/4.9.2/../../../../avr/lib/avr51\libm.a(atan.o)
                0x0000630e                atan
 .text.avr-libc.fplib
                0x0000635e        0x8 d:/program files (x86)/atmel/studio/7.0/toolchain/avr8/avr8-gnu-toolchain/bin/../lib/gcc/avr/4.9.2/../../../../avr/lib/avr51\libm.a(cmpsf2.o)
                0x0000635e                __nesf2
                0x0000635e                __eqsf2
                0x0000635e                __cmpsf2
                0x0000635e                __ltsf2
                0x0000635e                __lesf2
 .text.avr-libc.fplib
                0x00006366        0x6 d:/program files (x86)/atmel/studio/7.0/toolchain/avr8/avr8-gnu-toolchain/bin/../lib/gcc/avr/4.9.2/../../../../avr/lib/avr51\libm.a(cos.o)
                0x00006366                cos
 .text.avr-libc.fplib
                0x0000636c        0x4 d:/program files (x86)/atmel/studio/7.0/toolchain/avr8/avr8-gnu-toolchain/bin/../lib/gcc/avr/4.9.2/../../../../avr/lib/avr51\libm.a(divsf3.o)
                0x0000636c                __divsf3
 .text.avr-libc.fplib
                0x00006370       0xcc d:/program files (x86)/atmel/studio/7.0/toolchain/avr8/avr8-gnu-toolchain/bin/../lib/gcc/avr/4.9.2/../../../../avr/lib/avr51\libm.a(divsf3x.o)
                0x00006386                __divsf3x
                0x0000638a                __divsf3_pse
 .text.avr-libc.fplib
                0x0000643c        0xa d:/program files (x86)/atmel/studio/7.0/toolchain/avr8/avr8-gnu-toolchain/bin/../lib/gcc/avr/4.9.2/../../../../avr/lib/avr51\libm.a(fixsfsi.o)
                0x0000643c                __fixsfsi
 .text.avr-libc.fplib
                0x00006446       0x58 d:/program files (x86)/atmel/studio/7.0/toolchain/avr8/avr8-gnu-toolchain/bin/../lib/gcc/avr/4.9.2/../../../../avr/lib/avr51\libm.a(fixunssfsi.o)
                0x00006446                __fixunssfsi
 .text.avr-libc.fplib
                0x0000649e       0x7a d:/program files (x86)/atmel/studio/7.0/toolchain/avr8/avr8-gnu-toolchain/bin/../lib/gcc/avr/4.9.2/../../../../avr/lib/avr51\libm.a(floatsisf.o)
                0x0000649e                __floatunsisf
                0x000064a2                __floatsisf
 .text.avr-libc.fplib
                0x00006518       0x7c d:/program files (x86)/atmel/studio/7.0/toolchain/avr8/avr8-gnu-toolchain/bin/../lib/gcc/avr/4.9.2/../../../../avr/lib/avr51\libm.a(floatundisf.o)
                0x00006518                __floatundisf
                0x0000651a                __fp_di2sf
 .text.avr-libc.fplib
                0x00006594       0x36 d:/program files (x86)/atmel/studio/7.0/toolchain/avr8/avr8-gnu-toolchain/bin/../lib/gcc/avr/4.9.2/../../../../avr/lib/avr51\libm.a(fp_arccos.o)
                0x00006594                __fp_arccos
 .text.avr-libc.fplib
                0x000065ca       0x48 d:/program files (x86)/atmel/studio/7.0/toolchain/avr8/avr8-gnu-toolchain/bin/../lib/gcc/avr/4.9.2/../../../../avr/lib/avr51\libm.a(fp_cmp.o)
                0x000065ca                __fp_cmp
 .text.avr-libc.fplib
                0x00006612        0xc d:/program files (x86)/atmel/studio/7.0/toolchain/avr8/avr8-gnu-toolchain/bin/../lib/gcc/avr/4.9.2/../../../../avr/lib/avr51\libm.a(fp_inf.o)
                0x00006612                __fp_inf
 .text.avr-libc.fplib
                0x0000661e        0x6 d:/program files (x86)/atmel/studio/7.0/toolchain/avr8/avr8-gnu-toolchain/bin/../lib/gcc/avr/4.9.2/../../../../avr/lib/avr51\libm.a(fp_nan.o)
                0x0000661e                __fp_nan
 .text.avr-libc.fplib
                0x00006624       0x4a d:/program files (x86)/atmel/studio/7.0/toolchain/avr8/avr8-gnu-toolchain/bin/../lib/gcc/avr/4.9.2/../../../../avr/lib/avr51\libm.a(fp_powser.o)
                0x00006624                __fp_powser
 .text.avr-libc.fplib
                0x0000666e       0x22 d:/program files (x86)/atmel/studio/7.0/toolchain/avr8/avr8-gnu-toolchain/bin/../lib/gcc/avr/4.9.2/../../../../avr/lib/avr51\libm.a(fp_powsodd.o)
                0x0000666e                __fp_powsodd
 .text.avr-libc.fplib
                0x00006690        0xe d:/program files (x86)/atmel/studio/7.0/toolchain/avr8/avr8-gnu-toolchain/bin/../lib/gcc/avr/4.9.2/../../../../avr/lib/avr51\libm.a(fp_pscA.o)
                0x00006690                __fp_pscA
 .text.avr-libc.fplib
                0x0000669e        0xe d:/program files (x86)/atmel/studio/7.0/toolchain/avr8/avr8-gnu-toolchain/bin/../lib/gcc/avr/4.9.2/../../../../avr/lib/avr51\libm.a(fp_pscB.o)
                0x0000669e                __fp_pscB
 .text.avr-libc.fplib
                0x000066ac       0x50 d:/program files (x86)/atmel/studio/7.0/toolchain/avr8/avr8-gnu-toolchain/bin/../lib/gcc/avr/4.9.2/../../../../avr/lib/avr51\libm.a(fp_rempio2.o)
                0x000066ae                __fp_rempio2
 .text.avr-libc.fplib
                0x000066fc       0x22 d:/program files (x86)/atmel/studio/7.0/toolchain/avr8/avr8-gnu-toolchain/bin/../lib/gcc/avr/4.9.2/../../../../avr/lib/avr51\libm.a(fp_round.o)
                0x000066fc                __fp_round
 .text.avr-libc.fplib
                0x0000671e       0x22 d:/program files (x86)/atmel/studio/7.0/toolchain/avr8/avr8-gnu-toolchain/bin/../lib/gcc/avr/4.9.2/../../../../avr/lib/avr51\libm.a(fp_sinus.o)
                0x0000671e                __fp_sinus
 .text.avr-libc.fplib
                0x00006740       0x44 d:/program files (x86)/atmel/studio/7.0/toolchain/avr8/avr8-gnu-toolchain/bin/../lib/gcc/avr/4.9.2/../../../../avr/lib/avr51\libm.a(fp_split3.o)
                0x00006740                __fp_split3
                0x00006750                __fp_splitA
 .text.avr-libc.fplib
                0x00006784        0xe d:/program files (x86)/atmel/studio/7.0/toolchain/avr8/avr8-gnu-toolchain/bin/../lib/gcc/avr/4.9.2/../../../../avr/lib/avr51\libm.a(fp_zero.o)
                0x00006784                __fp_zero
                0x00006786                __fp_szero
 .text.avr-libc.fplib
                0x00006792        0x8 d:/program files (x86)/atmel/studio/7.0/toolchain/avr8/avr8-gnu-toolchain/bin/../lib/gcc/avr/4.9.2/../../../../avr/lib/avr51\libm.a(gesf2.o)
                0x00006792                __gesf2
                0x00006792                __gtsf2
 .text.avr-libc.fplib
                0x0000679a        0xe d:/program files (x86)/atmel/studio/7.0/toolchain/avr8/avr8-gnu-toolchain/bin/../lib/gcc/avr/4.9.2/../../../../avr/lib/avr51\libm.a(inverse.o)
                0x0000679a                inverse
 .text.avr-libc.fplib
                0x000067a8        0x4 d:/program files (x86)/atmel/studio/7.0/toolchain/avr8/avr8-gnu-toolchain/bin/../lib/gcc/avr/4.9.2/../../../../avr/lib/avr51\libm.a(mulsf3.o)
                0x000067a8                __mulsf3
 .text.avr-libc.fplib
                0x000067ac       0xc2 d:/program files (x86)/atmel/studio/7.0/toolchain/avr8/avr8-gnu-toolchain/bin/../lib/gcc/avr/4.9.2/../../../../avr/lib/avr51\libm.a(mulsf3x.o)
                0x000067c0                __mulsf3x
                0x000067c4                __mulsf3_pse
 .text.avr-libc.fplib
                0x0000686e       0x98 d:/program files (x86)/atmel/studio/7.0/toolchain/avr8/avr8-gnu-toolchain/bin/../lib/gcc/avr/4.9.2/../../../../avr/lib/avr51\libm.a(pow.o)
                0x0000686e                pow
 .text.avr-libc.fplib
                0x00006906        0xc d:/program files (x86)/atmel/studio/7.0/toolchain/avr8/avr8-gnu-toolchain/bin/../lib/gcc/avr/4.9.2/../../../../avr/lib/avr51\libm.a(sin.o)
                0x00006906                sin
 .text.avr-libc.fplib
                0x00006912       0x84 d:/program files (x86)/atmel/studio/7.0/toolchain/avr8/avr8-gnu-toolchain/bin/../lib/gcc/avr/4.9.2/../../../../avr/lib/avr51\libm.a(sqrt.o)
                0x0000691a                sqrtf
                0x0000691a                sqrt
 .text.avr-libc.fplib
                0x00006996        0x6 d:/program files (x86)/atmel/studio/7.0/toolchain/avr8/avr8-gnu-toolchain/bin/../lib/gcc/avr/4.9.2/../../../../avr/lib/avr51\libm.a(square.o)
                0x00006996                square
 .text.avr-libc.fplib
                0x0000699c       0x62 d:/program files (x86)/atmel/studio/7.0/toolchain/avr8/avr8-gnu-toolchain/bin/../lib/gcc/avr/4.9.2/../../../../avr/lib/avr51\libm.a(exp.o)
                0x000069a6                exp
 .text.avr-libc.fplib
                0x000069fe       0x1c d:/program files (x86)/atmel/studio/7.0/toolchain/avr8/avr8-gnu-toolchain/bin/../lib/gcc/avr/4.9.2/../../../../avr/lib/avr51\libm.a(fp_mpack.o)
                0x000069fe                __fp_mpack
                0x00006a02                __fp_mpack_finite
 .text.avr-libc.fplib
                0x00006a1a        0xe d:/program files (x86)/atmel/studio/7.0/toolchain/avr8/avr8-gnu-toolchain/bin/../lib/gcc/avr/4.9.2/../../../../avr/lib/avr51\libm.a(fp_norm2.o)
                0x00006a1a                __fp_norm2
 .text.avr-libc.fplib
                0x00006a28       0x6c d:/program files (x86)/atmel/studio/7.0/toolchain/avr8/avr8-gnu-toolchain/bin/../lib/gcc/avr/4.9.2/../../../../avr/lib/avr51\libm.a(ldexp.o)
                0x00006a2c                ldexp
 .text.avr-libc.fplib
                0x00006a94       0x8a d:/program files (x86)/atmel/studio/7.0/toolchain/avr8/avr8-gnu-toolchain/bin/../lib/gcc/avr/4.9.2/../../../../avr/lib/avr51\libm.a(log.o)
                0x00006a9e                log
 .text.avr-libc.fplib
                0x00006b1e       0x66 d:/program files (x86)/atmel/studio/7.0/toolchain/avr8/avr8-gnu-toolchain/bin/../lib/gcc/avr/4.9.2/../../../../avr/lib/avr51\libm.a(modf.o)
                0x00006b1e                modf
                0x00006b1e                modff
 .text.libgcc.div
                0x00006b84       0x26 d:/program files (x86)/atmel/studio/7.0/toolchain/avr8/avr8-gnu-toolchain/bin/../lib/gcc/avr/4.9.2/avr51\libgcc.a(_divmodhi4.o)
                0x00006b84                _div
                0x00006b84                __divmodhi4
 .text.libgcc   0x00006baa       0x12 d:/program files (x86)/atmel/studio/7.0/toolchain/avr8/avr8-gnu-toolchain/bin/../lib/gcc/avr/4.9.2/avr51\libgcc.a(_tablejump2.o)
                0x00006baa                __tablejump2__
 .text.libgcc.mul
                0x00006bbc       0x1e d:/program files (x86)/atmel/studio/7.0/toolchain/avr8/avr8-gnu-toolchain/bin/../lib/gcc/avr/4.9.2/avr51\libgcc.a(_umulhisi3.o)
                0x00006bbc                __umulhisi3
 .text.libgcc.builtins
                0x00006bda       0x32 d:/program files (x86)/atmel/studio/7.0/toolchain/avr8/avr8-gnu-toolchain/bin/../lib/gcc/avr/4.9.2/avr51\libgcc.a(_ashldi3.o)
                0x00006bda                __ashldi3
 .text.libgcc   0x00006c0c       0x12 d:/program files (x86)/atmel/studio/7.0/toolchain/avr8/avr8-gnu-toolchain/bin/../lib/gcc/avr/4.9.2/avr51\libgcc.a(_adddi3.o)
                0x00006c0c                __adddi3
 .text.libgcc   0x00006c1e       0x18 d:/program files (x86)/atmel/studio/7.0/toolchain/avr8/avr8-gnu-toolchain/bin/../lib/gcc/avr/4.9.2/avr51\libgcc.a(_adddi3_s8.o)
                0x00006c1e                __adddi3_s8
 .text.libgcc   0x00006c36       0x12 d:/program files (x86)/atmel/studio/7.0/toolchain/avr8/avr8-gnu-toolchain/bin/../lib/gcc/avr/4.9.2/avr51\libgcc.a(_subdi3.o)
                0x00006c36                __subdi3
 .text.libgcc   0x00006c48       0x12 d:/program files (x86)/atmel/studio/7.0/toolchain/avr8/avr8-gnu-toolchain/bin/../lib/gcc/avr/4.9.2/avr51\libgcc.a(_cmpdi2.o)
                0x00006c48                __cmpdi2
 .text.libgcc.div
                0x00006c5a       0x28 d:/program files (x86)/atmel/studio/7.0/toolchain/avr8/avr8-gnu-toolchain/bin/../lib/gcc/avr/4.9.2/avr51\libgcc.a(_udivmodhi4.o)
                0x00006c5a                __udivmodhi4
                0x00006c82                . = ALIGN (0x2)
 *(.fini9)
 .fini9         0x00006c82        0x0 d:/program files (x86)/atmel/studio/7.0/toolchain/avr8/avr8-gnu-toolchain/bin/../lib/gcc/avr/4.9.2/avr51\libgcc.a(_exit.o)
                0x00006c82                _exit
                0x00006c82                exit
 *(.fini9)
 *(.fini8)
 *(.fini8)
 *(.fini7)
 *(.fini7)
 *(.fini6)
 *(.fini6)
 *(.fini5)
 *(.fini5)
 *(.fini4)
 *(.fini4)
 *(.fini3)
 *(.fini3)
 *(.fini2)
 *(.fini2)
 *(.fini1)
 *(.fini1)
 *(.fini0)
 .fini0         0x00006c82        0x4 d:/program files (x86)/atmel/studio/7.0/toolchain/avr8/avr8-gnu-toolchain/bin/../lib/gcc/avr/4.9.2/avr51\libgcc.a(_exit.o)
 *(.fini0)
                0x00006c86                _etext = .

.data           0x00800100       0x9a load address 0x00006c86
                0x00800100                PROVIDE (__data_start, .)
 *(.data)
 *(.data*)
 .data.gps_start
                0x00800100        0x4 controller.o
                0x00800100                gps_start
 .data.eclipse_time
                0x00800104        0x4 controller.o
                0x00800104                eclipse_time
 .data.num      0x00800108        0x2 controller.o
                0x00800108                num
 .data.tol_time
                0x0080010a        0x2 controller.o
                0x0080010a                tol_time
 .data.first_B  0x0080010c        0x1 controller.o
 .data.time     0x0080010d        0x1 gps.o
 .data.geo      0x0080010e        0x1 gps.o
 .data.dop      0x0080010f        0x1 gps.o
 .data.vel      0x00800110        0x1 gps.o
 .data.pos      0x00800111        0x1 gps.o
 .data.light_prev.2027
                0x00800112        0x1 quest.o
 .data.light_main
                0x00800113        0x1 xyz.o
                0x00800113                light_main
 .data.GPS_Data
                0x00800114        0xd xyz.o
                0x00800114                GPS_Data
 .data.UniversalCycles
                0x00800121        0x2 xyz.o
                0x00800121                UniversalCycles
 .data.read     0x00800123        0x1 xyz.o
                0x00800123                read
 .data.address  0x00800124        0x1 xyz.o
                0x00800124                address
 .data.write_data
                0x00800125        0x1 xyz.o
                0x00800125                write_data
 .data.Mode     0x00800126        0x1 xyz.o
                0x00800126                Mode
 .data.GPS_done
                0x00800127        0x1 xyz.o
                0x00800127                GPS_done
 *(.rodata)
 *(.rodata*)
 .rodata.m_Kd   0x00800128       0x24 controller.o
 .rodata.m_Ki   0x0080014c       0x24 controller.o
 .rodata.m_Kp   0x00800170       0x24 controller.o
 .rodata.str1.1
                0x00800194        0x6 mag.o
 *(.gnu.linkonce.d*)
                0x0080019a                . = ALIGN (0x2)
                0x0080019a                _edata = .
                0x0080019a                PROVIDE (__data_end, .)

.bss            0x0080019a      0x39a
                0x0080019a                PROVIDE (__bss_start, .)
 *(.bss)
 *(.bss*)
 .bss.v_B_old.2100
                0x0080019a        0xc controller.o
 .bss.v_m_temp  0x008001a6        0xc controller.o
                0x008001a6                v_m_temp
 .bss.time_l    0x008001b2        0x2 controller.o
                0x008001b2                time_l
 .bss.time_e    0x008001b4        0x2 controller.o
                0x008001b4                time_e
 .bss.gps_power
                0x008001b6        0x2 controller.o
                0x008001b6                gps_power
 .bss.flag_on   0x008001b8        0x2 controller.o
                0x008001b8                flag_on
 .bss.avg_md_new
                0x008001ba        0x4 controller.o
                0x008001ba                avg_md_new
 .bss.avg_md    0x008001be        0x4 controller.o
                0x008001be                avg_md
 .bss.md_start  0x008001c2        0x4 controller.o
                0x008001c2                md_start
 .bss.norm_m_d  0x008001c6        0x4 controller.o
                0x008001c6                norm_m_d
 .bss.start_time
                0x008001ca        0x2 controller.o
                0x008001ca                start_time
 .bss.star_flag
                0x008001cc        0x1 controller.o
                0x008001cc                star_flag
 .bss.t_now     0x008001cd        0x8 controller.o
                0x008001cd                t_now
 .bss.flag_D    0x008001d5        0x2 controller.o
                0x008001d5                flag_D
 .bss.flag_N    0x008001d7        0x2 controller.o
                0x008001d7                flag_N
 .bss.w_ctrl    0x008001d9        0x1 controller.o
 .bss.light     0x008001da        0x1 controller.o
 .bss.v_ieu     0x008001db        0xc controller.o
 .bss.v_w       0x008001e7        0xc controller.o
 .bss.v_B       0x008001f3        0xc controller.o
 .bss.q_o       0x008001ff       0x10 controller.o
 .bss.message_end
                0x0080020f        0x1 gps.o
 .bss.last_byte
                0x00800210        0x1 gps.o
 .bss.buffer    0x00800211        0x4 gps.o
 .bss.sl        0x00800215       0x3c igrf.o
 .bss.cl        0x00800251       0x3c igrf.o
 .bss.q         0x0080028d       0xc8 igrf.o
 .bss.p         0x00800355       0xc8 igrf.o
 .bss.z         0x0080041d        0x2 mag.o
 .bss.y         0x0080041f        0x2 mag.o
 .bss.x         0x00800421        0x2 mag.o
 .bss.mag_count
                0x00800423        0x1 mag.o
                0x00800423                mag_count
 .bss.v_v_ecef.2059
                0x00800424        0xc propagator.o
 .bss.v_r_ecef.2058
                0x00800430        0xc propagator.o
 .bss.frtm      0x0080043c        0x4 propagator.o
 .bss.v_v       0x00800440        0xc propagator.o
 .bss.r_ecef_ash
                0x0080044c        0xc propagator.o
 .bss.v_r       0x00800458        0xc propagator.o
 .bss.time_since_light.2026
                0x00800464        0x2 quest.o
 .bss.v_w_old   0x00800466        0xc quest.o
 .bss.q_B_old   0x00800472       0x10 quest.o
 .bss.flag_mumbai
                0x00800482        0x1 xyz.o
                0x00800482                flag_mumbai
 .bss.flag_france
                0x00800483        0x1 xyz.o
                0x00800483                flag_france
 .bss.flag_india
                0x00800484        0x1 xyz.o
                0x00800484                flag_india
 .bss.countu    0x00800485        0x1 xyz.o
                0x00800485                countu
 .bss.countd    0x00800486        0x1 xyz.o
                0x00800486                countd
 .bss.FirstTimeNormal
                0x00800487        0x1 xyz.o
                0x00800487                FirstTimeNormal
 .bss.FirstTimeInner
                0x00800488        0x1 xyz.o
                0x00800488                FirstTimeInner
 .bss.FirstTimeOuter
                0x00800489        0x1 xyz.o
                0x00800489                FirstTimeOuter
 .bss.counter1  0x0080048a        0x2 xyz.o
                0x0080048a                counter1
 *(COMMON)
 COMMON         0x0080048c        0x4 controller.o
                0x0080048c                mod_w
 COMMON         0x00800490       0x10 frame.o
                0x00800490                seconds_since_pivot
                0x00800498                seconds_since_equinox
 COMMON         0x008004a0        0x7 mag.o
                0x008004a0                mag_data
 COMMON         0x008004a7        0xc propagator.o
                0x008004a7                v_sat
 COMMON         0x008004b3       0x81 xyz.o
                0x008004b3                Current_state
                0x00800524                recv_data
                0x00800525                Time
                0x0080052d                HM_Data
                0x00800534                PROVIDE (__bss_end, .)
                0x00006c86                __data_load_start = LOADADDR (.data)
                0x00006d20                __data_load_end = (__data_load_start + SIZEOF (.data))

.noinit         0x00800534        0x0
                0x00800534                PROVIDE (__noinit_start, .)
 *(.noinit*)
                0x00800534                PROVIDE (__noinit_end, .)
                0x00800534                _end = .
                0x00800534                PROVIDE (__heap_start, .)

.eeprom         0x00810000        0x0
 *(.eeprom*)
                0x00810000                __eeprom_end = .

.fuse
 *(.fuse)
 *(.lfuse)
 *(.hfuse)
 *(.efuse)

.lock
 *(.lock*)

.signature
 *(.signature*)

.user_signatures
 *(.user_signatures*)

.stab
 *(.stab)

.stabstr
 *(.stabstr)

.stab.excl
 *(.stab.excl)

.stab.exclstr
 *(.stab.exclstr)

.stab.index
 *(.stab.index)

.stab.indexstr
 *(.stab.indexstr)

.comment        0x00000000       0x30
 *(.comment)
 .comment       0x00000000       0x30 controller.o
                                 0x31 (size before relaxing)
 .comment       0x00000030       0x31 frame.o
 .comment       0x00000030       0x31 gps.o
 .comment       0x00000030       0x31 igrf.o
 .comment       0x00000030       0x31 mag.o
 .comment       0x00000030       0x31 mathutil.o
 .comment       0x00000030       0x31 peripherals.o
 .comment       0x00000030       0x31 propagator.o
 .comment       0x00000030       0x31 quest.o
 .comment       0x00000030       0x31 spi.o
 .comment       0x00000030       0x31 sun.o
 .comment       0x00000030       0x31 timer.o
 .comment       0x00000030       0x31 uart.o
 .comment       0x00000030       0x31 xyz.o

.note.gnu.avr.deviceinfo
                0x00000000       0x3c
 .note.gnu.avr.deviceinfo
                0x00000000       0x3c D:/Program Files (x86)/Atmel/Studio/7.0/Packs/atmel/ATmega_DFP/1.0.90/gcc/dev/atmega128/avr51/crtatmega128.o

.note.gnu.build-id
 *(.note.gnu.build-id)

.debug
 *(.debug)

.line
 *(.line)

.debug_srcinfo
 *(.debug_srcinfo)

.debug_sfnames
 *(.debug_sfnames)

.debug_aranges  0x00000000      0x3c0
 *(.debug_aranges)
 .debug_aranges
                0x00000000       0x38 controller.o
 .debug_aranges
                0x00000038       0x58 frame.o
 .debug_aranges
                0x00000090       0x28 gps.o
 .debug_aranges
                0x000000b8       0x20 igrf.o
 .debug_aranges
                0x000000d8       0x48 mag.o
 .debug_aranges
                0x00000120       0x78 mathutil.o
 .debug_aranges
                0x00000198       0x48 peripherals.o
 .debug_aranges
                0x000001e0       0x40 propagator.o
 .debug_aranges
                0x00000220       0x30 quest.o
 .debug_aranges
                0x00000250       0x40 spi.o
 .debug_aranges
                0x00000290       0x40 sun.o
 .debug_aranges
                0x000002d0       0x30 timer.o
 .debug_aranges
                0x00000300       0x58 uart.o
 .debug_aranges
                0x00000358       0x68 xyz.o

.debug_pubnames
 *(.debug_pubnames)

.debug_info     0x00000000     0x66fc
 *(.debug_info .gnu.linkonce.wi.*)
 .debug_info    0x00000000      0xe71 controller.o
 .debug_info    0x00000e71      0xcd6 frame.o
 .debug_info    0x00001b47      0x48f gps.o
 .debug_info    0x00001fd6      0x4f9 igrf.o
 .debug_info    0x000024cf      0x55b mag.o
 .debug_info    0x00002a2a      0x41c mathutil.o
 .debug_info    0x00002e46      0x429 peripherals.o
 .debug_info    0x0000326f      0xaee propagator.o
 .debug_info    0x00003d5d      0xb8f quest.o
 .debug_info    0x000048ec      0x14c spi.o
 .debug_info    0x00004a38      0xc46 sun.o
 .debug_info    0x0000567e      0x151 timer.o
 .debug_info    0x000057cf      0x1a5 uart.o
 .debug_info    0x00005974      0xd88 xyz.o

.debug_abbrev   0x00000000     0x16e1
 *(.debug_abbrev)
 .debug_abbrev  0x00000000      0x2c7 controller.o
 .debug_abbrev  0x000002c7      0x218 frame.o
 .debug_abbrev  0x000004df      0x100 gps.o
 .debug_abbrev  0x000005df      0x131 igrf.o
 .debug_abbrev  0x00000710      0x1e7 mag.o
 .debug_abbrev  0x000008f7      0x12b mathutil.o
 .debug_abbrev  0x00000a22       0xef peripherals.o
 .debug_abbrev  0x00000b11      0x1f9 propagator.o
 .debug_abbrev  0x00000d0a      0x1e3 quest.o
 .debug_abbrev  0x00000eed       0xca spi.o
 .debug_abbrev  0x00000fb7      0x263 sun.o
 .debug_abbrev  0x0000121a      0x10d timer.o
 .debug_abbrev  0x00001327       0xf6 uart.o
 .debug_abbrev  0x0000141d      0x2c4 xyz.o

.debug_line     0x00000000     0x2d79
 *(.debug_line .debug_line.* .debug_line_end)
 .debug_line    0x00000000      0x58d controller.o
 .debug_line    0x0000058d      0x32f frame.o
 .debug_line    0x000008bc      0x3a6 gps.o
 .debug_line    0x00000c62      0x253 igrf.o
 .debug_line    0x00000eb5      0x24d mag.o
 .debug_line    0x00001102      0x255 mathutil.o
 .debug_line    0x00001357      0x1f1 peripherals.o
 .debug_line    0x00001548      0x29b propagator.o
 .debug_line    0x000017e3      0x39a quest.o
 .debug_line    0x00001b7d      0x152 spi.o
 .debug_line    0x00001ccf      0x39a sun.o
 .debug_line    0x00002069      0x174 timer.o
 .debug_line    0x000021dd      0x21a uart.o
 .debug_line    0x000023f7      0x982 xyz.o

.debug_frame    0x00000000      0xf64
 *(.debug_frame)
 .debug_frame   0x00000000      0x1bc controller.o
 .debug_frame   0x000001bc      0x2bc frame.o
 .debug_frame   0x00000478       0x64 gps.o
 .debug_frame   0x000004dc       0x84 igrf.o
 .debug_frame   0x00000560       0xf8 mag.o
 .debug_frame   0x00000658      0x2d0 mathutil.o
 .debug_frame   0x00000928       0x74 peripherals.o
 .debug_frame   0x0000099c      0x1bc propagator.o
 .debug_frame   0x00000b58      0x128 quest.o
 .debug_frame   0x00000c80       0x64 spi.o
 .debug_frame   0x00000ce4       0xcc sun.o
 .debug_frame   0x00000db0       0x44 timer.o
 .debug_frame   0x00000df4       0xac uart.o
 .debug_frame   0x00000ea0       0xc4 xyz.o

.debug_str      0x00000000      0xd2b
 *(.debug_str)
 .debug_str     0x00000000      0x560 controller.o
                                0x61f (size before relaxing)
 .debug_str     0x00000560      0x132 frame.o
                                0x44f (size before relaxing)
 .debug_str     0x00000692       0x57 gps.o
                                0x32b (size before relaxing)
 .debug_str     0x000006e9       0x4e igrf.o
                                0x20e (size before relaxing)
 .debug_str     0x00000737       0x6d mag.o
                                0x346 (size before relaxing)
 .debug_str     0x000007a4       0x86 mathutil.o
                                0x2ab (size before relaxing)
 .debug_str     0x0000082a       0x40 peripherals.o
                                0x321 (size before relaxing)
 .debug_str     0x0000086a       0xba propagator.o
                                0x490 (size before relaxing)
 .debug_str     0x00000924       0xd3 quest.o
                                0x475 (size before relaxing)
 .debug_str     0x000009f7       0x62 spi.o
                                0x1f6 (size before relaxing)
 .debug_str     0x00000a59       0xa0 sun.o
                                0x3e9 (size before relaxing)
 .debug_str     0x00000af9       0x62 timer.o
                                0x1f6 (size before relaxing)
 .debug_str     0x00000b5b       0x6b uart.o
                                0x228 (size before relaxing)
 .debug_str     0x00000bc6      0x165 xyz.o
                                0x544 (size before relaxing)

.debug_loc      0x00000000     0x4d7d
 *(.debug_loc)
 .debug_loc     0x00000000      0x61a controller.o
 .debug_loc     0x0000061a     0x10c4 frame.o
 .debug_loc     0x000016de       0x8a gps.o
 .debug_loc     0x00001768      0xa65 igrf.o
 .debug_loc     0x000021cd      0x249 mag.o
 .debug_loc     0x00002416      0xb97 mathutil.o
 .debug_loc     0x00002fad      0x623 propagator.o
 .debug_loc     0x000035d0      0x805 quest.o
 .debug_loc     0x00003dd5       0x8a spi.o
 .debug_loc     0x00003e5f      0x5da sun.o
 .debug_loc     0x00004439       0x39 timer.o
 .debug_loc     0x00004472       0xc8 uart.o
 .debug_loc     0x0000453a      0x843 xyz.o

.debug_macinfo
 *(.debug_macinfo)

.debug_weaknames
 *(.debug_weaknames)

.debug_funcnames
 *(.debug_funcnames)

.debug_typenames
 *(.debug_typenames)

.debug_varnames
 *(.debug_varnames)

.debug_pubtypes
 *(.debug_pubtypes)

.debug_ranges   0x00000000      0x310
 *(.debug_ranges)
 .debug_ranges  0x00000000       0x28 controller.o
 .debug_ranges  0x00000028       0x48 frame.o
 .debug_ranges  0x00000070       0x18 gps.o
 .debug_ranges  0x00000088       0x10 igrf.o
 .debug_ranges  0x00000098       0x38 mag.o
 .debug_ranges  0x000000d0       0x68 mathutil.o
 .debug_ranges  0x00000138       0x38 peripherals.o
 .debug_ranges  0x00000170       0x30 propagator.o
 .debug_ranges  0x000001a0       0x38 quest.o
 .debug_ranges  0x000001d8       0x30 spi.o
 .debug_ranges  0x00000208       0x30 sun.o
 .debug_ranges  0x00000238       0x20 timer.o
 .debug_ranges  0x00000258       0x48 uart.o
 .debug_ranges  0x000002a0       0x70 xyz.o

.debug_macro
 *(.debug_macro)
OUTPUT(xyz.elf elf32-avr)
LOAD linker stubs
