Archive member included because of file (symbol)

c:/program files (x86)/atmel/atmel toolchain/avr8 gcc/native/3.4.1051/avr8-gnu-toolchain/bin/../lib/gcc/avr/4.8.1/avr51\libgcc.a(_exit.o)
                              c:/program files (x86)/atmel/atmel toolchain/avr8 gcc/native/3.4.1051/avr8-gnu-toolchain/bin/../lib/gcc/avr/4.8.1/../../../../avr/lib/avr51/crtm128.o (exit)
c:/program files (x86)/atmel/atmel toolchain/avr8 gcc/native/3.4.1051/avr8-gnu-toolchain/bin/../lib/gcc/avr/4.8.1/avr51\libgcc.a(_copy_data.o)
                              gps.o (__do_copy_data)
c:/program files (x86)/atmel/atmel toolchain/avr8 gcc/native/3.4.1051/avr8-gnu-toolchain/bin/../lib/gcc/avr/4.8.1/avr51\libgcc.a(_clear_bss.o)
                              gps.o (__do_clear_bss)

Allocating common symbols
Common symbol       size              file

gps                 0x2d              gps.o
Current_state       0x55              gps.o
GPS_done            0x1               gps.o
Mode                0x1               gps.o
Time                0x8               gps.o

Discarded input sections

 .bss           0x00000000        0x0 c:/program files (x86)/atmel/atmel toolchain/avr8 gcc/native/3.4.1051/avr8-gnu-toolchain/bin/../lib/gcc/avr/4.8.1/../../../../avr/lib/avr51/crtm128.o
 .text          0x00000000        0x0 gps.o
 .bss           0x00000000        0x0 gps.o
 .text.init_UART_GPS
                0x00000000       0x22 gps.o
 .text          0x00000000        0x0 hm.o
 .bss           0x00000000        0x0 hm.o
 .text.send_loads
                0x00000000        0xc hm.o
 .text          0x00000000        0x0 hMaster_Powertest.o
 .bss           0x00000000        0x0 hMaster_Powertest.o
 .text          0x00000000        0x0 mag.o
 .bss           0x00000000        0x0 mag.o
 .text.init_UART_MM
                0x00000000       0x38 mag.o
 .text.receive_MM
                0x00000000       0x10 mag.o
 .text.send_MM_cmd
                0x00000000       0x2c mag.o
 .rodata.str1.1
                0x00000000        0x6 mag.o
 .text.poll_MM  0x00000000       0x26 mag.o
 .bss.t         0x00000000        0x1 mag.o
 .text          0x00000000        0x0 peripherals.o
 .bss           0x00000000        0x0 peripherals.o
 .text.power_up_peripheral
                0x00000000       0x22 peripherals.o
 .text.power_down_peripheral
                0x00000000       0x20 peripherals.o
 .text.read_GPS
                0x00000000        0x4 peripherals.o
 .text.read_SS  0x00000000        0xa peripherals.o
 .text.read_MM  0x00000000        0x6 peripherals.o
 .text.configure_torquer
                0x00000000       0x4c peripherals.o
 .text.set_PWM  0x00000000       0x5c peripherals.o
 .text.reset_PWM
                0x00000000       0x2a peripherals.o
 .bss.PWM_init  0x00000000        0x1 peripherals.o
 .text          0x00000000        0x0 spi.o
 .bss           0x00000000        0x0 spi.o
 .text.init_SPI_slave
                0x00000000        0xe spi.o
 .text.init_SPI
                0x00000000       0x18 spi.o
 .text.init_SPI_trans
                0x00000000       0x1e spi.o
 .text.SPI_send
                0x00000000       0x1c spi.o
 .text.SPI_transfer
                0x00000000        0xa spi.o
 .text          0x00000000        0x0 sun.o
 .bss           0x00000000        0x0 sun.o
 .text.configure_SS
                0x00000000        0x6 sun.o
 .text.poll_SS  0x00000000       0xc2 sun.o
 .text          0x00000000        0x0 twi.o
 .bss           0x00000000        0x0 twi.o
 .text.TWI_send_byte
                0x00000000       0xc6 twi.o
 .text          0x00000000        0x0 uart.o
 .bss           0x00000000        0x0 uart.o
 .text.init_UART1
                0x00000000       0x38 uart.o
 .text.transmit_UART1
                0x00000000       0x10 uart.o
 .text.receive_UART1
                0x00000000       0x10 uart.o
 .text.receive_UART0
                0x00000000        0x8 uart.o
 .text.transmit_string_UART1
                0x00000000       0x2c uart.o
 .text          0x00000000        0x0 c:/program files (x86)/atmel/atmel toolchain/avr8 gcc/native/3.4.1051/avr8-gnu-toolchain/bin/../lib/gcc/avr/4.8.1/avr51\libgcc.a(_exit.o)
 .bss           0x00000000        0x0 c:/program files (x86)/atmel/atmel toolchain/avr8 gcc/native/3.4.1051/avr8-gnu-toolchain/bin/../lib/gcc/avr/4.8.1/avr51\libgcc.a(_exit.o)
 .text.libgcc.mul
                0x00000000        0x0 c:/program files (x86)/atmel/atmel toolchain/avr8 gcc/native/3.4.1051/avr8-gnu-toolchain/bin/../lib/gcc/avr/4.8.1/avr51\libgcc.a(_exit.o)
 .text.libgcc.div
                0x00000000        0x0 c:/program files (x86)/atmel/atmel toolchain/avr8 gcc/native/3.4.1051/avr8-gnu-toolchain/bin/../lib/gcc/avr/4.8.1/avr51\libgcc.a(_exit.o)
 .text.libgcc   0x00000000        0x0 c:/program files (x86)/atmel/atmel toolchain/avr8 gcc/native/3.4.1051/avr8-gnu-toolchain/bin/../lib/gcc/avr/4.8.1/avr51\libgcc.a(_exit.o)
 .text.libgcc.prologue
                0x00000000        0x0 c:/program files (x86)/atmel/atmel toolchain/avr8 gcc/native/3.4.1051/avr8-gnu-toolchain/bin/../lib/gcc/avr/4.8.1/avr51\libgcc.a(_exit.o)
 .text.libgcc.builtins
                0x00000000        0x0 c:/program files (x86)/atmel/atmel toolchain/avr8 gcc/native/3.4.1051/avr8-gnu-toolchain/bin/../lib/gcc/avr/4.8.1/avr51\libgcc.a(_exit.o)
 .text.libgcc.fmul
                0x00000000        0x0 c:/program files (x86)/atmel/atmel toolchain/avr8 gcc/native/3.4.1051/avr8-gnu-toolchain/bin/../lib/gcc/avr/4.8.1/avr51\libgcc.a(_exit.o)
 .text.libgcc.fixed
                0x00000000        0x0 c:/program files (x86)/atmel/atmel toolchain/avr8 gcc/native/3.4.1051/avr8-gnu-toolchain/bin/../lib/gcc/avr/4.8.1/avr51\libgcc.a(_exit.o)
 .text          0x00000000        0x0 c:/program files (x86)/atmel/atmel toolchain/avr8 gcc/native/3.4.1051/avr8-gnu-toolchain/bin/../lib/gcc/avr/4.8.1/avr51\libgcc.a(_copy_data.o)
 .bss           0x00000000        0x0 c:/program files (x86)/atmel/atmel toolchain/avr8 gcc/native/3.4.1051/avr8-gnu-toolchain/bin/../lib/gcc/avr/4.8.1/avr51\libgcc.a(_copy_data.o)
 .text.libgcc.mul
                0x00000000        0x0 c:/program files (x86)/atmel/atmel toolchain/avr8 gcc/native/3.4.1051/avr8-gnu-toolchain/bin/../lib/gcc/avr/4.8.1/avr51\libgcc.a(_copy_data.o)
 .text.libgcc.div
                0x00000000        0x0 c:/program files (x86)/atmel/atmel toolchain/avr8 gcc/native/3.4.1051/avr8-gnu-toolchain/bin/../lib/gcc/avr/4.8.1/avr51\libgcc.a(_copy_data.o)
 .text.libgcc   0x00000000        0x0 c:/program files (x86)/atmel/atmel toolchain/avr8 gcc/native/3.4.1051/avr8-gnu-toolchain/bin/../lib/gcc/avr/4.8.1/avr51\libgcc.a(_copy_data.o)
 .text.libgcc.prologue
                0x00000000        0x0 c:/program files (x86)/atmel/atmel toolchain/avr8 gcc/native/3.4.1051/avr8-gnu-toolchain/bin/../lib/gcc/avr/4.8.1/avr51\libgcc.a(_copy_data.o)
 .text.libgcc.builtins
                0x00000000        0x0 c:/program files (x86)/atmel/atmel toolchain/avr8 gcc/native/3.4.1051/avr8-gnu-toolchain/bin/../lib/gcc/avr/4.8.1/avr51\libgcc.a(_copy_data.o)
 .text.libgcc.fmul
                0x00000000        0x0 c:/program files (x86)/atmel/atmel toolchain/avr8 gcc/native/3.4.1051/avr8-gnu-toolchain/bin/../lib/gcc/avr/4.8.1/avr51\libgcc.a(_copy_data.o)
 .text.libgcc.fixed
                0x00000000        0x0 c:/program files (x86)/atmel/atmel toolchain/avr8 gcc/native/3.4.1051/avr8-gnu-toolchain/bin/../lib/gcc/avr/4.8.1/avr51\libgcc.a(_copy_data.o)
 .text          0x00000000        0x0 c:/program files (x86)/atmel/atmel toolchain/avr8 gcc/native/3.4.1051/avr8-gnu-toolchain/bin/../lib/gcc/avr/4.8.1/avr51\libgcc.a(_clear_bss.o)
 .bss           0x00000000        0x0 c:/program files (x86)/atmel/atmel toolchain/avr8 gcc/native/3.4.1051/avr8-gnu-toolchain/bin/../lib/gcc/avr/4.8.1/avr51\libgcc.a(_clear_bss.o)
 .text.libgcc.mul
                0x00000000        0x0 c:/program files (x86)/atmel/atmel toolchain/avr8 gcc/native/3.4.1051/avr8-gnu-toolchain/bin/../lib/gcc/avr/4.8.1/avr51\libgcc.a(_clear_bss.o)
 .text.libgcc.div
                0x00000000        0x0 c:/program files (x86)/atmel/atmel toolchain/avr8 gcc/native/3.4.1051/avr8-gnu-toolchain/bin/../lib/gcc/avr/4.8.1/avr51\libgcc.a(_clear_bss.o)
 .text.libgcc   0x00000000        0x0 c:/program files (x86)/atmel/atmel toolchain/avr8 gcc/native/3.4.1051/avr8-gnu-toolchain/bin/../lib/gcc/avr/4.8.1/avr51\libgcc.a(_clear_bss.o)
 .text.libgcc.prologue
                0x00000000        0x0 c:/program files (x86)/atmel/atmel toolchain/avr8 gcc/native/3.4.1051/avr8-gnu-toolchain/bin/../lib/gcc/avr/4.8.1/avr51\libgcc.a(_clear_bss.o)
 .text.libgcc.builtins
                0x00000000        0x0 c:/program files (x86)/atmel/atmel toolchain/avr8 gcc/native/3.4.1051/avr8-gnu-toolchain/bin/../lib/gcc/avr/4.8.1/avr51\libgcc.a(_clear_bss.o)
 .text.libgcc.fmul
                0x00000000        0x0 c:/program files (x86)/atmel/atmel toolchain/avr8 gcc/native/3.4.1051/avr8-gnu-toolchain/bin/../lib/gcc/avr/4.8.1/avr51\libgcc.a(_clear_bss.o)
 .text.libgcc.fixed
                0x00000000        0x0 c:/program files (x86)/atmel/atmel toolchain/avr8 gcc/native/3.4.1051/avr8-gnu-toolchain/bin/../lib/gcc/avr/4.8.1/avr51\libgcc.a(_clear_bss.o)

Memory Configuration

Name             Origin             Length             Attributes
text             0x00000000         0x00020000         xr
data             0x00800100         0x0000ff00         rw !x
eeprom           0x00810000         0x00010000         rw !x
fuse             0x00820000         0x00000400         rw !x
lock             0x00830000         0x00000400         rw !x
signature        0x00840000         0x00000400         rw !x
user_signatures  0x00850000         0x00000400         rw !x
*default*        0x00000000         0xffffffff

Linker script and memory map

Address of section .data set to 0x800100
LOAD c:/program files (x86)/atmel/atmel toolchain/avr8 gcc/native/3.4.1051/avr8-gnu-toolchain/bin/../lib/gcc/avr/4.8.1/../../../../avr/lib/avr51/crtm128.o
LOAD gps.o
LOAD hm.o
LOAD hMaster_Powertest.o
LOAD mag.o
LOAD peripherals.o
LOAD spi.o
LOAD sun.o
LOAD twi.o
LOAD uart.o
START GROUP
LOAD c:/program files (x86)/atmel/atmel toolchain/avr8 gcc/native/3.4.1051/avr8-gnu-toolchain/bin/../lib/gcc/avr/4.8.1/../../../../avr/lib/avr51\libm.a
END GROUP
START GROUP
LOAD c:/program files (x86)/atmel/atmel toolchain/avr8 gcc/native/3.4.1051/avr8-gnu-toolchain/bin/../lib/gcc/avr/4.8.1/avr51\libgcc.a
LOAD c:/program files (x86)/atmel/atmel toolchain/avr8 gcc/native/3.4.1051/avr8-gnu-toolchain/bin/../lib/gcc/avr/4.8.1/../../../../avr/lib/avr51\libm.a
LOAD c:/program files (x86)/atmel/atmel toolchain/avr8 gcc/native/3.4.1051/avr8-gnu-toolchain/bin/../lib/gcc/avr/4.8.1/../../../../avr/lib/avr51\libc.a
END GROUP

.hash
 *(.hash)

.dynsym
 *(.dynsym)

.dynstr
 *(.dynstr)

.gnu.version
 *(.gnu.version)

.gnu.version_d
 *(.gnu.version_d)

.gnu.version_r
 *(.gnu.version_r)

.rel.init
 *(.rel.init)

.rela.init
 *(.rela.init)

.rel.text
 *(.rel.text)
 *(.rel.text.*)
 *(.rel.gnu.linkonce.t*)

.rela.text
 *(.rela.text)
 *(.rela.text.*)
 *(.rela.gnu.linkonce.t*)

.rel.fini
 *(.rel.fini)

.rela.fini
 *(.rela.fini)

.rel.rodata
 *(.rel.rodata)
 *(.rel.rodata.*)
 *(.rel.gnu.linkonce.r*)

.rela.rodata
 *(.rela.rodata)
 *(.rela.rodata.*)
 *(.rela.gnu.linkonce.r*)

.rel.data
 *(.rel.data)
 *(.rel.data.*)
 *(.rel.gnu.linkonce.d*)

.rela.data
 *(.rela.data)
 *(.rela.data.*)
 *(.rela.gnu.linkonce.d*)

.rel.ctors
 *(.rel.ctors)

.rela.ctors
 *(.rela.ctors)

.rel.dtors
 *(.rel.dtors)

.rela.dtors
 *(.rela.dtors)

.rel.got
 *(.rel.got)

.rela.got
 *(.rela.got)

.rel.bss
 *(.rel.bss)

.rela.bss
 *(.rela.bss)

.rel.plt
 *(.rel.plt)

.rela.plt
 *(.rela.plt)

.text           0x00000000      0x670
 *(.vectors)
 .vectors       0x00000000       0x8c c:/program files (x86)/atmel/atmel toolchain/avr8 gcc/native/3.4.1051/avr8-gnu-toolchain/bin/../lib/gcc/avr/4.8.1/../../../../avr/lib/avr51/crtm128.o
                0x00000000                __vector_default
                0x00000000                __vectors
 *(.vectors)
 *(.progmem.gcc*)
                0x0000008c                . = ALIGN (0x2)
                0x0000008c                __trampolines_start = .
 *(.trampolines)
 .trampolines   0x0000008c        0x0 linker stubs
 *(.trampolines*)
                0x0000008c                __trampolines_end = .
 *(.progmem*)
                0x0000008c                . = ALIGN (0x2)
 *(.jumptables)
 *(.jumptables*)
 *(.lowtext)
 *(.lowtext*)
                0x0000008c                __ctors_start = .
 *(.ctors)
                0x0000008c                __ctors_end = .
                0x0000008c                __dtors_start = .
 *(.dtors)
                0x0000008c                __dtors_end = .
 SORT(*)(.ctors)
 SORT(*)(.dtors)
 *(.init0)
 .init0         0x0000008c        0x0 c:/program files (x86)/atmel/atmel toolchain/avr8 gcc/native/3.4.1051/avr8-gnu-toolchain/bin/../lib/gcc/avr/4.8.1/../../../../avr/lib/avr51/crtm128.o
                0x0000008c                __init
 *(.init0)
 *(.init1)
 *(.init1)
 *(.init2)
 .init2         0x0000008c        0xc c:/program files (x86)/atmel/atmel toolchain/avr8 gcc/native/3.4.1051/avr8-gnu-toolchain/bin/../lib/gcc/avr/4.8.1/../../../../avr/lib/avr51/crtm128.o
 *(.init2)
 *(.init3)
 *(.init3)
 *(.init4)
 .init4         0x00000098       0x1a c:/program files (x86)/atmel/atmel toolchain/avr8 gcc/native/3.4.1051/avr8-gnu-toolchain/bin/../lib/gcc/avr/4.8.1/avr51\libgcc.a(_copy_data.o)
                0x00000098                __do_copy_data
 .init4         0x000000b2       0x10 c:/program files (x86)/atmel/atmel toolchain/avr8 gcc/native/3.4.1051/avr8-gnu-toolchain/bin/../lib/gcc/avr/4.8.1/avr51\libgcc.a(_clear_bss.o)
                0x000000b2                __do_clear_bss
 *(.init4)
 *(.init5)
 *(.init5)
 *(.init6)
 *(.init6)
 *(.init7)
 *(.init7)
 *(.init8)
 *(.init8)
 *(.init9)
 .init9         0x000000c2        0x8 c:/program files (x86)/atmel/atmel toolchain/avr8 gcc/native/3.4.1051/avr8-gnu-toolchain/bin/../lib/gcc/avr/4.8.1/../../../../avr/lib/avr51/crtm128.o
 *(.init9)
 *(.text)
 .text          0x000000ca        0x4 c:/program files (x86)/atmel/atmel toolchain/avr8 gcc/native/3.4.1051/avr8-gnu-toolchain/bin/../lib/gcc/avr/4.8.1/../../../../avr/lib/avr51/crtm128.o
                0x000000ca                __vector_22
                0x000000ca                __vector_28
                0x000000ca                __vector_1
                0x000000ca                __vector_32
                0x000000ca                __vector_34
                0x000000ca                __vector_24
                0x000000ca                __vector_12
                0x000000ca                __bad_interrupt
                0x000000ca                __vector_6
                0x000000ca                __vector_31
                0x000000ca                __vector_3
                0x000000ca                __vector_23
                0x000000ca                __vector_30
                0x000000ca                __vector_25
                0x000000ca                __vector_11
                0x000000ca                __vector_13
                0x000000ca                __vector_17
                0x000000ca                __vector_19
                0x000000ca                __vector_7
                0x000000ca                __vector_27
                0x000000ca                __vector_5
                0x000000ca                __vector_33
                0x000000ca                __vector_4
                0x000000ca                __vector_9
                0x000000ca                __vector_2
                0x000000ca                __vector_21
                0x000000ca                __vector_15
                0x000000ca                __vector_29
                0x000000ca                __vector_8
                0x000000ca                __vector_26
                0x000000ca                __vector_14
                0x000000ca                __vector_10
                0x000000ca                __vector_16
                0x000000ca                __vector_20
                0x000000ce                . = ALIGN (0x2)
 *(.text.*)
 .text.__vector_18
                0x000000ce      0x2a0 gps.o
                0x000000ce                __vector_18
 .text.get_HM_data
                0x0000036e       0x2a hm.o
                0x0000036e                get_HM_data
 .text.main     0x00000398      0x18c hMaster_Powertest.o
                0x00000398                main
 .text.send_preflight
                0x00000524       0x1c peripherals.o
                0x00000524                send_preflight
 .text.init_TWI
                0x00000540       0x12 twi.o
                0x00000540                init_TWI
 .text.TWI_rec_byte
                0x00000552       0xd0 twi.o
                0x00000552                TWI_rec_byte
 .text.init_UART0
                0x00000622       0x22 uart.o
                0x00000622                init_UART0
 .text.transmit_UART0
                0x00000644        0x8 uart.o
                0x00000644                transmit_UART0
 .text.transmit_UART0int
                0x0000064c        0x8 uart.o
                0x0000064c                transmit_UART0int
 .text.transmit_string_UART0
                0x00000654       0x18 uart.o
                0x00000654                transmit_string_UART0
                0x0000066c                . = ALIGN (0x2)
 *(.fini9)
 .fini9         0x0000066c        0x0 c:/program files (x86)/atmel/atmel toolchain/avr8 gcc/native/3.4.1051/avr8-gnu-toolchain/bin/../lib/gcc/avr/4.8.1/avr51\libgcc.a(_exit.o)
                0x0000066c                _exit
                0x0000066c                exit
 *(.fini9)
 *(.fini8)
 *(.fini8)
 *(.fini7)
 *(.fini7)
 *(.fini6)
 *(.fini6)
 *(.fini5)
 *(.fini5)
 *(.fini4)
 *(.fini4)
 *(.fini3)
 *(.fini3)
 *(.fini2)
 *(.fini2)
 *(.fini1)
 *(.fini1)
 *(.fini0)
 .fini0         0x0000066c        0x4 c:/program files (x86)/atmel/atmel toolchain/avr8 gcc/native/3.4.1051/avr8-gnu-toolchain/bin/../lib/gcc/avr/4.8.1/avr51\libgcc.a(_exit.o)
 *(.fini0)
                0x00000670                _etext = .

.data           0x00800100       0x72 load address 0x00000670
                0x00800100                PROVIDE (__data_start, .)
 *(.data)
 .data          0x00800100        0x0 c:/program files (x86)/atmel/atmel toolchain/avr8 gcc/native/3.4.1051/avr8-gnu-toolchain/bin/../lib/gcc/avr/4.8.1/../../../../avr/lib/avr51/crtm128.o
 .data          0x00800100        0x0 gps.o
 .data          0x00800100        0x0 hm.o
 .data          0x00800100        0x0 hMaster_Powertest.o
 .data          0x00800100        0x0 mag.o
 .data          0x00800100        0x0 peripherals.o
 .data          0x00800100        0x0 spi.o
 .data          0x00800100        0x0 sun.o
 .data          0x00800100        0x0 twi.o
 .data          0x00800100        0x0 uart.o
 .data          0x00800100        0x0 c:/program files (x86)/atmel/atmel toolchain/avr8 gcc/native/3.4.1051/avr8-gnu-toolchain/bin/../lib/gcc/avr/4.8.1/avr51\libgcc.a(_exit.o)
 .data          0x00800100        0x0 c:/program files (x86)/atmel/atmel toolchain/avr8 gcc/native/3.4.1051/avr8-gnu-toolchain/bin/../lib/gcc/avr/4.8.1/avr51\libgcc.a(_copy_data.o)
 .data          0x00800100        0x0 c:/program files (x86)/atmel/atmel toolchain/avr8 gcc/native/3.4.1051/avr8-gnu-toolchain/bin/../lib/gcc/avr/4.8.1/avr51\libgcc.a(_clear_bss.o)
 *(.data*)
 .data.pdop     0x00800100        0x2 gps.o
 .data.time     0x00800102        0x1 gps.o
 .data.geo      0x00800103        0x1 gps.o
 .data.dop      0x00800104        0x1 gps.o
 .data.vel      0x00800105        0x1 gps.o
 .data.pos      0x00800106        0x1 gps.o
 *(.rodata)
 *(.rodata*)
 .rodata.str1.1
                0x00800107       0x6b hMaster_Powertest.o
 *(.gnu.linkonce.d*)
                0x00800172                . = ALIGN (0x2)
                0x00800172                _edata = .
                0x00800172                PROVIDE (__data_end, .)

.bss            0x00800172       0x92
                0x00800172                PROVIDE (__bss_start, .)
 *(.bss)
 *(.bss*)
 .bss.message_end
                0x00800172        0x1 gps.o
 .bss.last_byte
                0x00800173        0x1 gps.o
 .bss.buffer    0x00800174        0x4 gps.o
 *(COMMON)
 COMMON         0x00800178       0x8c gps.o
                0x00800178                gps
                0x008001a5                Current_state
                0x008001fa                GPS_done
                0x008001fb                Mode
                0x008001fc                Time
                0x00800204                PROVIDE (__bss_end, .)
                0x00000670                __data_load_start = LOADADDR (.data)
                0x000006e2                __data_load_end = (__data_load_start + SIZEOF (.data))

.noinit         0x00800204        0x0
                0x00800204                PROVIDE (__noinit_start, .)
 *(.noinit*)
                0x00800204                PROVIDE (__noinit_end, .)
                0x00800204                _end = .
                0x00800204                PROVIDE (__heap_start, .)

.eeprom         0x00810000        0x0
 *(.eeprom*)
                0x00810000                __eeprom_end = .

.fuse
 *(.fuse)
 *(.lfuse)
 *(.hfuse)
 *(.efuse)

.lock
 *(.lock*)

.signature
 *(.signature*)

.user_signatures
 *(.user_signatures*)

.stab
 *(.stab)

.stabstr
 *(.stabstr)

.stab.excl
 *(.stab.excl)

.stab.exclstr
 *(.stab.exclstr)

.stab.index
 *(.stab.index)

.stab.indexstr
 *(.stab.indexstr)

.comment        0x00000000       0x30
 *(.comment)
 .comment       0x00000000       0x30 gps.o
                                 0x31 (size before relaxing)
 .comment       0x00000000       0x31 hm.o
 .comment       0x00000000       0x31 hMaster_Powertest.o
 .comment       0x00000000       0x31 mag.o
 .comment       0x00000000       0x31 peripherals.o
 .comment       0x00000000       0x31 spi.o
 .comment       0x00000000       0x31 sun.o
 .comment       0x00000000       0x31 twi.o
 .comment       0x00000000       0x31 uart.o

.note.gnu.build-id
 *(.note.gnu.build-id)

.debug
 *(.debug)

.line
 *(.line)

.debug_srcinfo
 *(.debug_srcinfo)

.debug_sfnames
 *(.debug_sfnames)

.debug_aranges  0x00000000      0x200
 *(.debug_aranges)
 .debug_aranges
                0x00000000       0x28 gps.o
 .debug_aranges
                0x00000028       0x28 hm.o
 .debug_aranges
                0x00000050       0x20 hMaster_Powertest.o
 .debug_aranges
                0x00000070       0x38 mag.o
 .debug_aranges
                0x000000a8       0x60 peripherals.o
 .debug_aranges
                0x00000108       0x40 spi.o
 .debug_aranges
                0x00000148       0x28 sun.o
 .debug_aranges
                0x00000170       0x30 twi.o
 .debug_aranges
                0x000001a0       0x60 uart.o

.debug_pubnames
 *(.debug_pubnames)

.debug_info     0x00000000     0x2443
 *(.debug_info .gnu.linkonce.wi.*)
 .debug_info    0x00000000      0x459 gps.o
 .debug_info    0x00000459      0x40f hm.o
 .debug_info    0x00000868      0x848 hMaster_Powertest.o
 .debug_info    0x000010b0      0x49a mag.o
 .debug_info    0x0000154a      0x509 peripherals.o
 .debug_info    0x00001a53      0x14c spi.o
 .debug_info    0x00001b9f      0x51e sun.o
 .debug_info    0x000020bd      0x1bc twi.o
 .debug_info    0x00002279      0x1ca uart.o

.debug_abbrev   0x00000000      0xab1
 *(.debug_abbrev)
 .debug_abbrev  0x00000000       0xef gps.o
 .debug_abbrev  0x000000ef      0x122 hm.o
 .debug_abbrev  0x00000211      0x1c3 hMaster_Powertest.o
 .debug_abbrev  0x000003d4      0x157 mag.o
 .debug_abbrev  0x0000052b      0x114 peripherals.o
 .debug_abbrev  0x0000063f       0xca spi.o
 .debug_abbrev  0x00000709      0x180 sun.o
 .debug_abbrev  0x00000889      0x123 twi.o
 .debug_abbrev  0x000009ac      0x105 uart.o

.debug_line     0x00000000      0xc80
 *(.debug_line .debug_line.* .debug_line_end)
 .debug_line    0x00000000      0x113 gps.o
 .debug_line    0x00000113       0xe4 hm.o
 .debug_line    0x000001f7      0x21b hMaster_Powertest.o
 .debug_line    0x00000412      0x119 mag.o
 .debug_line    0x0000052b      0x186 peripherals.o
 .debug_line    0x000006b1       0xff spi.o
 .debug_line    0x000007b0      0x187 sun.o
 .debug_line    0x00000937      0x1da twi.o
 .debug_line    0x00000b11      0x16f uart.o

.debug_frame    0x00000000      0x3bc
 *(.debug_frame)
 .debug_frame   0x00000000       0x64 gps.o
 .debug_frame   0x00000064       0x48 hm.o
 .debug_frame   0x000000ac       0x34 hMaster_Powertest.o
 .debug_frame   0x000000e0       0x7c mag.o
 .debug_frame   0x0000015c       0xa4 peripherals.o
 .debug_frame   0x00000200       0x64 spi.o
 .debug_frame   0x00000264       0x58 sun.o
 .debug_frame   0x000002bc       0x44 twi.o
 .debug_frame   0x00000300       0xbc uart.o

.debug_str      0x00000000      0x56c
 *(.debug_str)
 .debug_str     0x00000000      0x29e gps.o
                                0x2fc (size before relaxing)
 .debug_str     0x0000029e       0x46 hm.o
                                0x2ed (size before relaxing)
 .debug_str     0x000002e4       0xce hMaster_Powertest.o
                                0x38a (size before relaxing)
 .debug_str     0x000003b2       0x37 mag.o
                                0x2fa (size before relaxing)
 .debug_str     0x000003e9       0x9c peripherals.o
                                0x372 (size before relaxing)
 .debug_str     0x00000485       0x5d spi.o
                                0x1e4 (size before relaxing)
 .debug_str     0x000004e2       0x22 sun.o
                                0x327 (size before relaxing)
 .debug_str     0x00000504       0x10 twi.o
                                0x1fd (size before relaxing)
 .debug_str     0x00000514       0x58 uart.o
                                0x228 (size before relaxing)

.debug_loc      0x00000000      0x5f6
 *(.debug_loc)
 .debug_loc     0x00000000       0x8a gps.o
 .debug_loc     0x0000008a       0x98 hm.o
 .debug_loc     0x00000122       0x48 hMaster_Powertest.o
 .debug_loc     0x0000016a       0xdb mag.o
 .debug_loc     0x00000245       0x8d peripherals.o
 .debug_loc     0x000002d2       0x8d spi.o
 .debug_loc     0x0000035f       0xa7 sun.o
 .debug_loc     0x00000406      0x100 twi.o
 .debug_loc     0x00000506       0xf0 uart.o

.debug_macinfo
 *(.debug_macinfo)

.debug_weaknames
 *(.debug_weaknames)

.debug_funcnames
 *(.debug_funcnames)

.debug_typenames
 *(.debug_typenames)

.debug_varnames
 *(.debug_varnames)

.debug_pubtypes
 *(.debug_pubtypes)

.debug_ranges   0x00000000      0x170
 *(.debug_ranges)
 .debug_ranges  0x00000000       0x18 gps.o
 .debug_ranges  0x00000018       0x18 hm.o
 .debug_ranges  0x00000030       0x10 hMaster_Powertest.o
 .debug_ranges  0x00000040       0x28 mag.o
 .debug_ranges  0x00000068       0x50 peripherals.o
 .debug_ranges  0x000000b8       0x30 spi.o
 .debug_ranges  0x000000e8       0x18 sun.o
 .debug_ranges  0x00000100       0x20 twi.o
 .debug_ranges  0x00000120       0x50 uart.o

.debug_macro
 *(.debug_macro)
OUTPUT(hMaster_Powertest.elf elf32-avr)
LOAD linker stubs
